Archive member included to satisfy reference by file (symbol)

.\CortexM3\ARM_GCC_541\Debug\Lab1_GasPedal.a(ErikaOS_1_ee_activate.o)
                              .\CortexM3\ARM_GCC_541\Debug\main.o (EE_oo_ActivateTask)
.\CortexM3\ARM_GCC_541\Debug\Lab1_GasPedal.a(ErikaOS_1_ee_alsetrel.o)
                              .\CortexM3\ARM_GCC_541\Debug\main.o (EE_oo_SetRelAlarm)
.\CortexM3\ARM_GCC_541\Debug\Lab1_GasPedal.a(ErikaOS_1_ee_altick.o)
                              .\CortexM3\ARM_GCC_541\Debug\Lab1_GasPedal.a(ErikaOS_1_ee_alsetrel.o) (EE_oo_counter_object_insert)
.\CortexM3\ARM_GCC_541\Debug\Lab1_GasPedal.a(ErikaOS_1_ee_evclear.o)
                              .\CortexM3\ARM_GCC_541\Debug\tsk_control.o (EE_oo_ClearEvent)
.\CortexM3\ARM_GCC_541\Debug\Lab1_GasPedal.a(ErikaOS_1_ee_evget.o)
                              .\CortexM3\ARM_GCC_541\Debug\tsk_control.o (EE_oo_GetEvent)
.\CortexM3\ARM_GCC_541\Debug\Lab1_GasPedal.a(ErikaOS_1_ee_evset.o)
                              .\CortexM3\ARM_GCC_541\Debug\swc_brakelight.o (EE_oo_SetEvent)
.\CortexM3\ARM_GCC_541\Debug\Lab1_GasPedal.a(ErikaOS_1_ee_evwait.o)
                              .\CortexM3\ARM_GCC_541\Debug\tsk_control.o (EE_oo_WaitEvent)
.\CortexM3\ARM_GCC_541\Debug\Lab1_GasPedal.a(ErikaOS_1_ee_irqendin.o)
                              .\CortexM3\ARM_GCC_541\Debug\main.o (EE_IRQ_end_post_stub)
.\CortexM3\ARM_GCC_541\Debug\Lab1_GasPedal.a(ErikaOS_1_ee_lookup.o)
                              .\CortexM3\ARM_GCC_541\Debug\Lab1_GasPedal.a(ErikaOS_1_ee_irqendin.o) (EE_oo_IRQ_disable_count)
.\CortexM3\ARM_GCC_541\Debug\Lab1_GasPedal.a(ErikaOS_1_ee_rq_exchg.o)
                              .\CortexM3\ARM_GCC_541\Debug\Lab1_GasPedal.a(ErikaOS_1_ee_activate.o) (EE_rq2stk_exchange)
.\CortexM3\ARM_GCC_541\Debug\Lab1_GasPedal.a(ErikaOS_1_ee_rq_first.o)
                              .\CortexM3\ARM_GCC_541\Debug\Lab1_GasPedal.a(ErikaOS_1_ee_activate.o) (EE_rq_queryfirst)
.\CortexM3\ARM_GCC_541\Debug\Lab1_GasPedal.a(ErikaOS_1_ee_rq_inser.o)
                              .\CortexM3\ARM_GCC_541\Debug\Lab1_GasPedal.a(ErikaOS_1_ee_activate.o) (EE_rq_insert)
.\CortexM3\ARM_GCC_541\Debug\Lab1_GasPedal.a(ErikaOS_1_ee_shtdown.o)
                              .\CortexM3\ARM_GCC_541\Debug\main.o (EE_oo_ShutdownOS)
.\CortexM3\ARM_GCC_541\Debug\Lab1_GasPedal.a(ErikaOS_1_ee_startos.o)
                              .\CortexM3\ARM_GCC_541\Debug\Lab1_GasPedal.a(ErikaOS_1_ee_shtdown.o) (EE_oo_started)
.\CortexM3\ARM_GCC_541\Debug\Lab1_GasPedal.a(ErikaOS_1_ee_terminat.o)
                              .\CortexM3\ARM_GCC_541\Debug\main.o (EE_oo_TerminateTask)
.\CortexM3\ARM_GCC_541\Debug\Lab1_GasPedal.a(ErikaOS_1_cortex_mx_ee_utils.o)
                              .\CortexM3\ARM_GCC_541\Debug\main.o (EE_system_init)
.\CortexM3\ARM_GCC_541\Debug\Lab1_GasPedal.a(ErikaOS_1_common_ee_hal_structs.o)
                              .\CortexM3\ARM_GCC_541\Debug\Lab1_GasPedal.a(ErikaOS_1_ee_irqendin.o) (EE_std_endcycle_next_tid)
.\CortexM3\ARM_GCC_541\Debug\Lab1_GasPedal.a(ErikaOS_1_eecfg.o)
                              .\CortexM3\ARM_GCC_541\Debug\Lab1_GasPedal.a(ErikaOS_1_ee_startos.o) (EE_oo_autostart_task_data)
.\CortexM3\ARM_GCC_541\Debug\Lab1_GasPedal.a(JOYSTICK_ADC.o)
                              .\CortexM3\ARM_GCC_541\Debug\joystick.o (JOYSTICK_ADC_Start)
.\CortexM3\ARM_GCC_541\Debug\Lab1_GasPedal.a(JOYSTICK_ADC_INT.o)
                              .\CortexM3\ARM_GCC_541\Debug\Lab1_GasPedal.a(JOYSTICK_ADC.o) (JOYSTICK_ADC_ISR)
.\CortexM3\ARM_GCC_541\Debug\Lab1_GasPedal.a(Engine_PWM.o)
                              .\CortexM3\ARM_GCC_541\Debug\led.o (Engine_PWM_WriteCompare)
.\CortexM3\ARM_GCC_541\Debug\Lab1_GasPedal.a(Brake_LED.o)
                              .\CortexM3\ARM_GCC_541\Debug\led.o (Brake_LED_Write)
.\CortexM3\ARM_GCC_541\Debug\Lab1_GasPedal.a(UART_LOG.o)
                              .\CortexM3\ARM_GCC_541\Debug\main.o (UART_LOG_Init)
.\CortexM3\ARM_GCC_541\Debug\Lab1_GasPedal.a(WD_Button.o)
                              .\CortexM3\ARM_GCC_541\Debug\main.o (WD_Button_Read)
.\CortexM3\ARM_GCC_541\Debug\Lab1_GasPedal.a(JOYSTICK_ADC_SAR.o)
                              .\CortexM3\ARM_GCC_541\Debug\Lab1_GasPedal.a(JOYSTICK_ADC.o) (JOYSTICK_ADC_SAR_shift)
.\CortexM3\ARM_GCC_541\Debug\Lab1_GasPedal.a(JOYSTICK_ADC_TempBuf_dma.o)
                              .\CortexM3\ARM_GCC_541\Debug\Lab1_GasPedal.a(JOYSTICK_ADC.o) (JOYSTICK_ADC_TempBuf_DmaInitialize)
.\CortexM3\ARM_GCC_541\Debug\Lab1_GasPedal.a(JOYSTICK_ADC_FinalBuf_dma.o)
                              .\CortexM3\ARM_GCC_541\Debug\Lab1_GasPedal.a(JOYSTICK_ADC.o) (JOYSTICK_ADC_FinalBuf_DmaInitialize)
.\CortexM3\ARM_GCC_541\Debug\Lab1_GasPedal.a(JOYSTICK_ADC_IRQ.o)
                              .\CortexM3\ARM_GCC_541\Debug\Lab1_GasPedal.a(JOYSTICK_ADC.o) (JOYSTICK_ADC_IRQ_SetVector)
.\CortexM3\ARM_GCC_541\Debug\Lab1_GasPedal.a(UART_LOG_IntClock.o)
[...]
Memory Configuration

Name             Origin             Length             Attributes
rom              0x00000000         0x00040000         xr
ram              0x1fff8000         0x00010000         xrw
*default*        0x00000000         0xffffffff

Linker script and memory map

LOAD c:/program files (x86)/cypress/psoc creator/4.4/psoc creator/import/gnu/arm/5.4.1/bin/../lib/gcc/arm-none-eabi/5.4.1/armv7-m/crti.o
LOAD c:/program files (x86)/cypress/psoc creator/4.4/psoc creator/import/gnu/arm/5.4.1/bin/../lib/gcc/arm-none-eabi/5.4.1/armv7-m/crtbegin.o
LOAD c:/program files (x86)/cypress/psoc creator/4.4/psoc creator/import/gnu/arm/5.4.1/bin/../lib/gcc/arm-none-eabi/5.4.1/../../../../arm-none-eabi/lib/armv7-m/crt0.o
START GROUP
LOAD .\CortexM3\ARM_GCC_541\Debug\main.o
LOAD .\CortexM3\ARM_GCC_541\Debug\swc_brakelight.o
LOAD .\CortexM3\ARM_GCC_541\Debug\swc_control.o
LOAD .\CortexM3\ARM_GCC_541\Debug\swc_engine.o
LOAD .\CortexM3\ARM_GCC_541\Debug\swc_joystick.o
LOAD .\CortexM3\ARM_GCC_541\Debug\tsk_control.o
LOAD .\CortexM3\ARM_GCC_541\Debug\tsk_io.o
LOAD .\CortexM3\ARM_GCC_541\Debug\joystick.o
LOAD .\CortexM3\ARM_GCC_541\Debug\led.o
LOAD .\CortexM3\ARM_GCC_541\Debug\watchdog_timer.o
LOAD .\CortexM3\ARM_GCC_541\Debug\rte.o
LOAD .\CortexM3\ARM_GCC_541\Debug\sc_brakelight.o
LOAD .\CortexM3\ARM_GCC_541\Debug\sc_brakelight_type.o
LOAD .\CortexM3\ARM_GCC_541\Debug\sc_engine.o
LOAD .\CortexM3\ARM_GCC_541\Debug\sc_engine_type.o
LOAD .\CortexM3\ARM_GCC_541\Debug\sc_joystick.o
LOAD .\CortexM3\ARM_GCC_541\Debug\sc_joystick_type.o
LOAD .\CortexM3\ARM_GCC_541\Debug\sc_speed.o
LOAD .\CortexM3\ARM_GCC_541\Debug\sp_common.o
LOAD .\CortexM3\ARM_GCC_541\Debug\cyfitter_cfg.o
LOAD .\CortexM3\ARM_GCC_541\Debug\cymetadata.o
LOAD .\CortexM3\ARM_GCC_541\Debug\Cm3Start.o
LOAD .\CortexM3\ARM_GCC_541\Debug\Lab1_GasPedal.a
LOAD C:\Program Files (x86)\Cypress\PSoC Creator\4.4\PSoC Creator\psoc\content\cycomponentlibrary\CyComponentLibrary.cylib\CortexM3\ARM_GCC_541\Debug\CyComponentLibrary.a
END GROUP
START GROUP
LOAD c:/program files (x86)/cypress/psoc creator/4.4/psoc creator/import/gnu/arm/5.4.1/bin/../lib/gcc/arm-none-eabi/5.4.1/armv7-m\libgcc.a
LOAD c:/program files (x86)/cypress/psoc creator/4.4/psoc creator/import/gnu/arm/5.4.1/bin/../lib/gcc/arm-none-eabi/5.4.1/../../../../arm-none-eabi/lib/armv7-m\libg_nano.a
LOAD c:/program files (x86)/cypress/psoc creator/4.4/psoc creator/import/gnu/arm/5.4.1/bin/../lib/gcc/arm-none-eabi/5.4.1/../../../../arm-none-eabi/lib/armv7-m\libc_nano.a
END GROUP
START GROUP
LOAD c:/program files (x86)/cypress/psoc creator/4.4/psoc creator/import/gnu/arm/5.4.1/bin/../lib/gcc/arm-none-eabi/5.4.1/armv7-m\libgcc.a
LOAD c:/program files (x86)/cypress/psoc creator/4.4/psoc creator/import/gnu/arm/5.4.1/bin/../lib/gcc/arm-none-eabi/5.4.1/../../../../arm-none-eabi/lib/armv7-m\libc_nano.a
END GROUP
LOAD c:/program files (x86)/cypress/psoc creator/4.4/psoc creator/import/gnu/arm/5.4.1/bin/../lib/gcc/arm-none-eabi/5.4.1/armv7-m/crtend.o
LOAD c:/program files (x86)/cypress/psoc creator/4.4/psoc creator/import/gnu/arm/5.4.1/bin/../lib/gcc/arm-none-eabi/5.4.1/armv7-m/crtn.o
START GROUP
LOAD c:/program files (x86)/cypress/psoc creator/4.4/psoc creator/import/gnu/arm/5.4.1/bin/../lib/gcc/arm-none-eabi/5.4.1/armv7-m\libgcc.a
LOAD c:/program files (x86)/cypress/psoc creator/4.4/psoc creator/import/gnu/arm/5.4.1/bin/../lib/gcc/arm-none-eabi/5.4.1/../../../../arm-none-eabi/lib/armv7-m\libc.a
LOAD c:/program files (x86)/cypress/psoc creator/4.4/psoc creator/import/gnu/arm/5.4.1/bin/../lib/gcc/arm-none-eabi/5.4.1/../../../../arm-none-eabi/lib/armv7-m\libnosys.a
END GROUP
                0x00000000                CY_APPL_ORIGIN = 0x0
                0x00000100                CY_FLASH_ROW_SIZE = 0x100
                0x00000020                CY_ECC_ROW_SIZE = 0x20
                0x00000000                CY_EE_IN_BTLDR = 0x0
                0x00000000                CY_APPL_LOADABLE = 0x0
                0x00000800                CY_EE_SIZE = 0x800
                0x00000001                CY_APPL_NUM = 0x1
                0x00000001                CY_APPL_MAX = 0x1
                0x00000040                CY_METADATA_SIZE = 0x40
                0x00000000                CY_APPL_LOADABLE = 0x0
                0x00000000                CY_CHECKSUM_EXCLUDE_SIZE = ALIGN (0x0, CY_FLASH_ROW_SIZE)
                [!provide]                PROVIDE (__cy_heap_start, _end)
                0x00000001                PROVIDE (__cy_region_num, ((__cy_regions_end - __cy_regions) / 0x10))
                0x20008000                PROVIDE (__cy_stack, (ORIGIN (ram) + LENGTH (ram)))
                [!provide]                PROVIDE (__cy_heap_end, (__cy_stack - 0x800))

.cybootloader   0x00000000        0x0
 *(.cybootloader)
                0x00000000                appl1_start = CY_APPL_ORIGIN?CY_APPL_ORIGIN:ALIGN (CY_FLASH_ROW_SIZE)
                0x0001ff00                appl2_start = (appl1_start + ALIGN ((((LENGTH (rom) - appl1_start) - (0x2 * CY_FLASH_ROW_SIZE)) / 0x2), CY_FLASH_ROW_SIZE))
                0x00000000                appl_start = (CY_APPL_NUM == 0x1)?appl1_start:appl2_start
                0x00000000                ecc_offset = ((appl_start / CY_FLASH_ROW_SIZE) * CY_ECC_ROW_SIZE)
                0x00000000                ee_offset = (CY_APPL_LOADABLE && ! (CY_EE_IN_BTLDR))?((CY_EE_SIZE / CY_APPL_MAX) * (CY_APPL_NUM - 0x1)):0x0
                0x00000800                ee_size = (CY_APPL_LOADABLE && ! (CY_EE_IN_BTLDR))?(CY_EE_SIZE / CY_APPL_MAX):CY_EE_SIZE
                [!provide]                PROVIDE (CY_ECC_OFFSET, ecc_offset)

.text           0x00000000     0x20b6
 CREATE_OBJECT_SYMBOLS
                0x00000000                PROVIDE (__cy_interrupt_vector, RomVectors)
 *(.romvectors)
 .romvectors    0x00000000       0x10 .\CortexM3\ARM_GCC_541\Debug\Cm3Start.o
                0x00000000                RomVectors
                0x00000001                ASSERT ((. != __cy_interrupt_vector), No interrupt vector)
                0x00000001                ASSERT (CY_APPL_ORIGIN?(SIZEOF (.cybootloader) <= CY_APPL_ORIGIN):0x1, Wrong image location)
                0x00000010                PROVIDE (__cy_reset, Reset)
 *(.text.Reset)
 .text.Reset    0x00000010       0x18 .\CortexM3\ARM_GCC_541\Debug\Cm3Start.o
                0x00000010                Reset
                0x00000001                ASSERT ((. != __cy_reset), No reset code)
 *(.dma_init)
                0x00000001                ASSERT ((((appl_start + .) <= 0x10000) || 0x1), DMA Init must be within the first 64k of flash)
 *(.text .text.* .gnu.linkonce.t.*)
 .text          0x00000028       0x5c c:/program files (x86)/cypress/psoc creator/4.4/psoc creator/import/gnu/arm/5.4.1/bin/../lib/gcc/arm-none-eabi/5.4.1/armv7-m/crtbegin.o
 .text.ISR2_systick_handler
                0x00000084        0xc .\CortexM3\ARM_GCC_541\Debug\main.o
                0x00000084                ISR2_systick_handler
 .text.systick_handler
                0x00000090       0x98 .\CortexM3\ARM_GCC_541\Debug\main.o
                0x00000090                systick_handler
 .text.main     0x00000128       0x28 .\CortexM3\ARM_GCC_541\Debug\main.o
                0x00000128                main
 .text.Functsk_init
                0x00000150       0x68 .\CortexM3\ARM_GCC_541\Debug\main.o
                0x00000150                Functsk_init
 .text.Functsk_background
                0x000001b8        0x8 .\CortexM3\ARM_GCC_541\Debug\main.o
                0x000001b8                Functsk_background
 .text.ISR2_isr_WD_Button
                0x000001c0       0x14 .\CortexM3\ARM_GCC_541\Debug\main.o
                0x000001c0                ISR2_isr_WD_Button
 .text.isr_WD_Button
                0x000001d4       0x98 .\CortexM3\ARM_GCC_541\Debug\main.o
                0x000001d4                isr_WD_Button
 .text.BRAKELIGHT_setBrakeLight_run
                0x0000026c       0x78 .\CortexM3\ARM_GCC_541\Debug\swc_brakelight.o
                0x0000026c                BRAKELIGHT_setBrakeLight_run
 .text.CONTROL_calcControl_run
                0x000002e4       0xb4 .\CortexM3\ARM_GCC_541\Debug\swc_control.o
                0x000002e4                CONTROL_calcControl_run
 .text.ENGINE_setEngine_run
                0x00000398       0x74 .\CortexM3\ARM_GCC_541\Debug\swc_engine.o
                0x00000398                ENGINE_setEngine_run
 .text.JOYSTICK_readJoystick_run
                0x0000040c       0xa8 .\CortexM3\ARM_GCC_541\Debug\swc_joystick.o
                0x0000040c                JOYSTICK_readJoystick_run
 .text.Functsk_control
                0x000004b4       0x2c .\CortexM3\ARM_GCC_541\Debug\tsk_control.o
                0x000004b4                Functsk_control
 .text.Functsk_io
                0x000004e0       0x4c .\CortexM3\ARM_GCC_541\Debug\tsk_io.o
                0x000004e0                Functsk_io
 .text.JOYSTICK_Init
                0x0000052c       0x10 .\CortexM3\ARM_GCC_541\Debug\joystick.o
                0x0000052c                JOYSTICK_Init
 .text.JOYSTICK_ReadPosition
                0x0000053c       0x3c .\CortexM3\ARM_GCC_541\Debug\joystick.o
                0x0000053c                JOYSTICK_ReadPosition
 .text.LED_Set  0x00000578       0x20 .\CortexM3\ARM_GCC_541\Debug\led.o
                0x00000578                LED_Set
 .text.LED_RGB_Set
                0x00000598       0x14 .\CortexM3\ARM_GCC_541\Debug\led.o
                0x00000598                LED_RGB_Set
 .text.WD_Start
                0x000005ac        0xc .\CortexM3\ARM_GCC_541\Debug\watchdog_timer.o
                0x000005ac                WD_Start
 .text.WD_Trigger
                0x000005b8       0x20 .\CortexM3\ARM_GCC_541\Debug\watchdog_timer.o
                0x000005b8                WD_Trigger
 .text.WD_CheckResetBit
                0x000005d8       0x18 .\CortexM3\ARM_GCC_541\Debug\watchdog_timer.o
                0x000005d8                WD_CheckResetBit
 .text.WD_Alive
                0x000005f0       0x18 .\CortexM3\ARM_GCC_541\Debug\watchdog_timer.o
                0x000005f0                WD_Alive
 .text.RTE_ProcessCyclicTable
                0x00000608       0x30 .\CortexM3\ARM_GCC_541\Debug\rte.o
                0x00000608                RTE_ProcessCyclicTable
 .text.RTE_ProcessEventTable
                0x00000638       0x28 .\CortexM3\ARM_GCC_541\Debug\rte.o
                0x00000638                RTE_ProcessEventTable
 .text.SC_BRAKELIGHT_driverOut
                0x00000660       0x24 .\CortexM3\ARM_GCC_541\Debug\sc_brakelight_type.o
                0x00000660                SC_BRAKELIGHT_driverOut
 .text.SC_ENGINE_driverOut
                0x00000684       0x20 .\CortexM3\ARM_GCC_541\Debug\sc_engine_type.o
                0x00000684                SC_ENGINE_driverOut
 .text.SC_JOYSTICK_driverIn
                0x000006a4       0x24 .\CortexM3\ARM_GCC_541\Debug\sc_joystick_type.o
                0x000006a4                SC_JOYSTICK_driverIn
 .text.CyClockStartupError
                0x000006c8        0x4 .\CortexM3\ARM_GCC_541\Debug\cyfitter_cfg.o
 .text.cfg_write_bytes32
                0x000006cc       0x34 .\CortexM3\ARM_GCC_541\Debug\cyfitter_cfg.o
 .text.CYMEMZERO
                0x00000700        0xc .\CortexM3\ARM_GCC_541\Debug\cyfitter_cfg.o
 .text.ClockSetup
                0x0000070c       0xcc .\CortexM3\ARM_GCC_541\Debug\cyfitter_cfg.o
 .text.AnalogSetDefault
                0x000007d8       0x7c .\CortexM3\ARM_GCC_541\Debug\cyfitter_cfg.o
 .text.CYCONFIGCPY
                0x00000854        0x8 .\CortexM3\ARM_GCC_541\Debug\cyfitter_cfg.o
 .text.cyfitter_cfg
                0x0000085c      0x140 .\CortexM3\ARM_GCC_541\Debug\cyfitter_cfg.o
                0x0000085c                cyfitter_cfg
 .text.IntDefaultHandler
                0x0000099c       0x10 .\CortexM3\ARM_GCC_541\Debug\Cm3Start.o
                0x0000099c                IntDefaultHandler
 .text.Start_c  0x000009ac       0x4c .\CortexM3\ARM_GCC_541\Debug\Cm3Start.o
                0x000009ac                Start_c
 .text.initialize_psoc
                0x000009f8       0x6c .\CortexM3\ARM_GCC_541\Debug\Cm3Start.o
                0x000009f8                initialize_psoc
 .text.EE_oo_ActivateTask
                0x00000a64       0xe8 .\CortexM3\ARM_GCC_541\Debug\Lab1_GasPedal.a(ErikaOS_1_ee_activate.o)
                0x00000a64                EE_oo_ActivateTask
 .text.EE_oo_SetRelAlarm
                0x00000b4c       0x80 .\CortexM3\ARM_GCC_541\Debug\Lab1_GasPedal.a(ErikaOS_1_ee_alsetrel.o)
                0x00000b4c                EE_oo_SetRelAlarm
 .text.EE_oo_handle_action_callback
                0x00000bcc        0xc .\CortexM3\ARM_GCC_541\Debug\Lab1_GasPedal.a(ErikaOS_1_ee_altick.o)
 .text.EE_oo_handle_action_task
                0x00000bd8       0x4c .\CortexM3\ARM_GCC_541\Debug\Lab1_GasPedal.a(ErikaOS_1_ee_altick.o)
 .text.EE_oo_handle_action_event
                0x00000c24       0x60 .\CortexM3\ARM_GCC_541\Debug\Lab1_GasPedal.a(ErikaOS_1_ee_altick.o)
 .text.EE_oo_handle_action
                0x00000c84       0x28 .\CortexM3\ARM_GCC_541\Debug\Lab1_GasPedal.a(ErikaOS_1_ee_altick.o)
 .text.EE_oo_counter_object_insert
                0x00000cac       0x9c .\CortexM3\ARM_GCC_541\Debug\Lab1_GasPedal.a(ErikaOS_1_ee_altick.o)
                0x00000cac                EE_oo_counter_object_insert
 .text.EE_oo_IncrementCounterImplementation
                0x00000d48      0x100 .\CortexM3\ARM_GCC_541\Debug\Lab1_GasPedal.a(ErikaOS_1_ee_altick.o)
                0x00000d48                EE_oo_IncrementCounterImplementation
 .text.EE_oo_IncrementCounter
                0x00000e48       0xb0 .\CortexM3\ARM_GCC_541\Debug\Lab1_GasPedal.a(ErikaOS_1_ee_altick.o)
                0x00000e48                EE_oo_IncrementCounter
 .text.EE_oo_ClearEvent
                0x00000ef8       0x5c .\CortexM3\ARM_GCC_541\Debug\Lab1_GasPedal.a(ErikaOS_1_ee_evclear.o)
                0x00000ef8                EE_oo_ClearEvent
 .text.EE_oo_GetEvent
                0x00000f54       0x40 .\CortexM3\ARM_GCC_541\Debug\Lab1_GasPedal.a(ErikaOS_1_ee_evget.o)
                0x00000f54                EE_oo_GetEvent
 .text.EE_oo_SetEvent
                0x00000f94      0x100 .\CortexM3\ARM_GCC_541\Debug\Lab1_GasPedal.a(ErikaOS_1_ee_evset.o)
                0x00000f94                EE_oo_SetEvent
 .text.EE_oo_WaitEvent
                0x00001094      0x110 .\CortexM3\ARM_GCC_541\Debug\Lab1_GasPedal.a(ErikaOS_1_ee_evwait.o)
                0x00001094                EE_oo_WaitEvent
 .text.EE_IRQ_run_next_task
                0x000011a4       0x30 .\CortexM3\ARM_GCC_541\Debug\Lab1_GasPedal.a(ErikaOS_1_ee_irqendin.o)
 .text.EE_IRQ_end_instance
                0x000011d4       0x68 .\CortexM3\ARM_GCC_541\Debug\Lab1_GasPedal.a(ErikaOS_1_ee_irqendin.o)
                0x000011d4                EE_IRQ_end_instance
 .text.EE_IRQ_end_post_stub
                0x0000123c       0x14 .\CortexM3\ARM_GCC_541\Debug\Lab1_GasPedal.a(ErikaOS_1_ee_irqendin.o)
                0x0000123c                EE_IRQ_end_post_stub
 .text.EE_rq2stk_exchange
                0x00001250       0x88 .\CortexM3\ARM_GCC_541\Debug\Lab1_GasPedal.a(ErikaOS_1_ee_rq_exchg.o)
                0x00001250                EE_rq2stk_exchange
 .text.EE_rq_queryfirst
                0x000012d8       0x44 .\CortexM3\ARM_GCC_541\Debug\Lab1_GasPedal.a(ErikaOS_1_ee_rq_first.o)
                0x000012d8                EE_rq_queryfirst
 .text.EE_rq_insert
                0x0000131c       0x74 .\CortexM3\ARM_GCC_541\Debug\Lab1_GasPedal.a(ErikaOS_1_ee_rq_inser.o)
                0x0000131c                EE_rq_insert
 .text.EE_oo_shutdown
                0x00001390        0xc .\CortexM3\ARM_GCC_541\Debug\Lab1_GasPedal.a(ErikaOS_1_ee_shtdown.o)
 .text.EE_oo_ShutdownOS_internal
                0x0000139c        0x8 .\CortexM3\ARM_GCC_541\Debug\Lab1_GasPedal.a(ErikaOS_1_ee_shtdown.o)
                0x0000139c                EE_oo_ShutdownOS_internal
 .text.EE_oo_ShutdownOS
                0x000013a4        0x8 .\CortexM3\ARM_GCC_541\Debug\Lab1_GasPedal.a(ErikaOS_1_ee_shtdown.o)
                0x000013a4                EE_oo_ShutdownOS
 .text.compute_task_tid
                0x000013ac       0x10 .\CortexM3\ARM_GCC_541\Debug\Lab1_GasPedal.a(ErikaOS_1_ee_startos.o)
 .text.EE_oo_start_os
                0x000013bc        0xc .\CortexM3\ARM_GCC_541\Debug\Lab1_GasPedal.a(ErikaOS_1_ee_startos.o)
 .text.EE_oo_autostart_tasks
                0x000013c8       0x60 .\CortexM3\ARM_GCC_541\Debug\Lab1_GasPedal.a(ErikaOS_1_ee_startos.o)
 .text.EE_oo_autostart_os
                0x00001428        0xc .\CortexM3\ARM_GCC_541\Debug\Lab1_GasPedal.a(ErikaOS_1_ee_startos.o)
 .text.EE_oo_StartOS
                0x00001434       0x8c .\CortexM3\ARM_GCC_541\Debug\Lab1_GasPedal.a(ErikaOS_1_ee_startos.o)
                0x00001434                EE_oo_StartOS
 .text.EE_oo_TerminateTask
                0x000014c0       0x3c .\CortexM3\ARM_GCC_541\Debug\Lab1_GasPedal.a(ErikaOS_1_ee_terminat.o)
                0x000014c0                EE_oo_TerminateTask
 .text.EE_system_init
                0x000014fc       0x48 .\CortexM3\ARM_GCC_541\Debug\Lab1_GasPedal.a(ErikaOS_1_cortex_mx_ee_utils.o)
                0x000014fc                EE_system_init
 .text.JOYSTICK_ADC_Init
                0x00001544       0x3c .\CortexM3\ARM_GCC_541\Debug\Lab1_GasPedal.a(JOYSTICK_ADC.o)
                0x00001544                JOYSTICK_ADC_Init
 .text.JOYSTICK_ADC_Enable
                0x00001580       0xcc .\CortexM3\ARM_GCC_541\Debug\Lab1_GasPedal.a(JOYSTICK_ADC.o)
                0x00001580                JOYSTICK_ADC_Enable
 .text.JOYSTICK_ADC_Start
                0x0000164c       0x28 .\CortexM3\ARM_GCC_541\Debug\Lab1_GasPedal.a(JOYSTICK_ADC.o)
                0x0000164c                JOYSTICK_ADC_Start
 .text.JOYSTICK_ADC_StartConvert
                0x00001674        0x8 .\CortexM3\ARM_GCC_541\Debug\Lab1_GasPedal.a(JOYSTICK_ADC.o)
                0x00001674                JOYSTICK_ADC_StartConvert
 .text.JOYSTICK_ADC_IsEndConversion
                0x0000167c       0x18 .\CortexM3\ARM_GCC_541\Debug\Lab1_GasPedal.a(JOYSTICK_ADC.o)
                0x0000167c                JOYSTICK_ADC_IsEndConversion
 .text.JOYSTICK_ADC_GetResult16
                0x00001694       0x1c .\CortexM3\ARM_GCC_541\Debug\Lab1_GasPedal.a(JOYSTICK_ADC.o)
                0x00001694                JOYSTICK_ADC_GetResult16
 .text.JOYSTICK_ADC_ISR
                0x000016b0        0x4 .\CortexM3\ARM_GCC_541\Debug\Lab1_GasPedal.a(JOYSTICK_ADC_INT.o)
                0x000016b0                JOYSTICK_ADC_ISR
 .text.Engine_PWM_Enable
                0x000016b4       0x10 .\CortexM3\ARM_GCC_541\Debug\Lab1_GasPedal.a(Engine_PWM.o)
                0x000016b4                Engine_PWM_Enable
 .text.Engine_PWM_WriteCounter
                0x000016c4        0xc .\CortexM3\ARM_GCC_541\Debug\Lab1_GasPedal.a(Engine_PWM.o)
                0x000016c4                Engine_PWM_WriteCounter
 .text.Engine_PWM_WritePeriod
                0x000016d0        0xc .\CortexM3\ARM_GCC_541\Debug\Lab1_GasPedal.a(Engine_PWM.o)
                0x000016d0                Engine_PWM_WritePeriod
 .text.Engine_PWM_WriteCompare
                0x000016dc        0xc .\CortexM3\ARM_GCC_541\Debug\Lab1_GasPedal.a(Engine_PWM.o)
                0x000016dc                Engine_PWM_WriteCompare
 .text.Engine_PWM_SetInterruptMode
                0x000016e8        0xc .\CortexM3\ARM_GCC_541\Debug\Lab1_GasPedal.a(Engine_PWM.o)
                0x000016e8                Engine_PWM_SetInterruptMode
 .text.Engine_PWM_ReadStatusRegister
                0x000016f4        0xc .\CortexM3\ARM_GCC_541\Debug\Lab1_GasPedal.a(Engine_PWM.o)
                0x000016f4                Engine_PWM_ReadStatusRegister
 .text.Engine_PWM_ReadCapture
                0x00001700        0xc .\CortexM3\ARM_GCC_541\Debug\Lab1_GasPedal.a(Engine_PWM.o)
                0x00001700                Engine_PWM_ReadCapture
 .text.Engine_PWM_ClearFIFO
                0x0000170c       0x14 .\CortexM3\ARM_GCC_541\Debug\Lab1_GasPedal.a(Engine_PWM.o)
                0x0000170c                Engine_PWM_ClearFIFO
 .text.Engine_PWM_Init
                0x00001720       0x50 .\CortexM3\ARM_GCC_541\Debug\Lab1_GasPedal.a(Engine_PWM.o)
                0x00001720                Engine_PWM_Init
 .text.Engine_PWM_Start
                0x00001770       0x1c .\CortexM3\ARM_GCC_541\Debug\Lab1_GasPedal.a(Engine_PWM.o)
                0x00001770                Engine_PWM_Start
 .text.Brake_LED_Write
                0x0000178c       0x18 .\CortexM3\ARM_GCC_541\Debug\Lab1_GasPedal.a(Brake_LED.o)
                0x0000178c                Brake_LED_Write
 .text.UART_LOG_Init
                0x000017a4       0x28 .\CortexM3\ARM_GCC_541\Debug\Lab1_GasPedal.a(UART_LOG.o)
                0x000017a4                UART_LOG_Init
 .text.UART_LOG_Enable
                0x000017cc       0x38 .\CortexM3\ARM_GCC_541\Debug\Lab1_GasPedal.a(UART_LOG.o)
                0x000017cc                UART_LOG_Enable
 .text.UART_LOG_Start
                0x00001804       0x1c .\CortexM3\ARM_GCC_541\Debug\Lab1_GasPedal.a(UART_LOG.o)
                0x00001804                UART_LOG_Start
 .text.UART_LOG_PutChar
                0x00001820       0x18 .\CortexM3\ARM_GCC_541\Debug\Lab1_GasPedal.a(UART_LOG.o)
                0x00001820                UART_LOG_PutChar
 .text.UART_LOG_PutString
                0x00001838       0x24 .\CortexM3\ARM_GCC_541\Debug\Lab1_GasPedal.a(UART_LOG.o)
                0x00001838                UART_LOG_PutString
 .text.WD_Button_Read
                0x0000185c       0x10 .\CortexM3\ARM_GCC_541\Debug\Lab1_GasPedal.a(WD_Button.o)
                0x0000185c                WD_Button_Read
 .text.JOYSTICK_ADC_SAR_CalcGain
                0x0000186c       0x64 .\CortexM3\ARM_GCC_541\Debug\Lab1_GasPedal.a(JOYSTICK_ADC_SAR.o)
 .text.JOYSTICK_ADC_SAR_Enable
                0x000018d0       0x78 .\CortexM3\ARM_GCC_541\Debug\Lab1_GasPedal.a(JOYSTICK_ADC_SAR.o)
                0x000018d0                JOYSTICK_ADC_SAR_Enable
 .text.JOYSTICK_ADC_SAR_SetResolution
                0x00001948       0x38 .\CortexM3\ARM_GCC_541\Debug\Lab1_GasPedal.a(JOYSTICK_ADC_SAR.o)
                0x00001948                JOYSTICK_ADC_SAR_SetResolution
 .text.JOYSTICK_ADC_SAR_Init
                0x00001980       0x24 .\CortexM3\ARM_GCC_541\Debug\Lab1_GasPedal.a(JOYSTICK_ADC_SAR.o)
                0x00001980                JOYSTICK_ADC_SAR_Init
 .text.JOYSTICK_ADC_SAR_Start
                0x000019a4       0x1c .\CortexM3\ARM_GCC_541\Debug\Lab1_GasPedal.a(JOYSTICK_ADC_SAR.o)
                0x000019a4                JOYSTICK_ADC_SAR_Start
 .text.JOYSTICK_ADC_SAR_StartConvert
                0x000019c0       0x10 .\CortexM3\ARM_GCC_541\Debug\Lab1_GasPedal.a(JOYSTICK_ADC_SAR.o)
                0x000019c0                JOYSTICK_ADC_SAR_StartConvert
 .text.JOYSTICK_ADC_TempBuf_DmaInitialize
                0x000019d0       0x3c .\CortexM3\ARM_GCC_541\Debug\Lab1_GasPedal.a(JOYSTICK_ADC_TempBuf_dma.o)
                0x000019d0                JOYSTICK_ADC_TempBuf_DmaInitialize
 .text.JOYSTICK_ADC_FinalBuf_DmaInitialize
                0x00001a0c       0x3c .\CortexM3\ARM_GCC_541\Debug\Lab1_GasPedal.a(JOYSTICK_ADC_FinalBuf_dma.o)
                0x00001a0c                JOYSTICK_ADC_FinalBuf_DmaInitialize
 .text.JOYSTICK_ADC_IRQ_SetVector
                0x00001a48        0xc .\CortexM3\ARM_GCC_541\Debug\Lab1_GasPedal.a(JOYSTICK_ADC_IRQ.o)
                0x00001a48                JOYSTICK_ADC_IRQ_SetVector
 .text.JOYSTICK_ADC_IRQ_SetPriority
                0x00001a54       0x10 .\CortexM3\ARM_GCC_541\Debug\Lab1_GasPedal.a(JOYSTICK_ADC_IRQ.o)
                0x00001a54                JOYSTICK_ADC_IRQ_SetPriority
 .text.UART_LOG_IntClock_Start
                0x00001a64       0x1c .\CortexM3\ARM_GCC_541\Debug\Lab1_GasPedal.a(UART_LOG_IntClock.o)
                0x00001a64                UART_LOG_IntClock_Start
 .text.CyDmacConfigure
                0x00001a80       0x34 .\CortexM3\ARM_GCC_541\Debug\Lab1_GasPedal.a(CyDmac.o)
                0x00001a80                CyDmacConfigure
 .text.CyDmaChEnable
                0x00001ab4       0x38 .\CortexM3\ARM_GCC_541\Debug\Lab1_GasPedal.a(CyDmac.o)
                0x00001ab4                CyDmaChEnable
 .text.CyDmaClearPendingDrq
                0x00001aec       0x28 .\CortexM3\ARM_GCC_541\Debug\Lab1_GasPedal.a(CyDmac.o)
                0x00001aec                CyDmaClearPendingDrq
 .text.CyDmaChPriority
                0x00001b14       0x24 .\CortexM3\ARM_GCC_541\Debug\Lab1_GasPedal.a(CyDmac.o)
                0x00001b14                CyDmaChPriority
 .text.CyDmaChSetExtendedAddress
                0x00001b38       0x34 .\CortexM3\ARM_GCC_541\Debug\Lab1_GasPedal.a(CyDmac.o)
                0x00001b38                CyDmaChSetExtendedAddress
 .text.CyDmaChSetInitialTd
                0x00001b6c       0x18 .\CortexM3\ARM_GCC_541\Debug\Lab1_GasPedal.a(CyDmac.o)
                0x00001b6c                CyDmaChSetInitialTd
 .text.CyDmaChSetConfiguration
                0x00001b84       0x44 .\CortexM3\ARM_GCC_541\Debug\Lab1_GasPedal.a(CyDmac.o)
                0x00001b84                CyDmaChSetConfiguration
 .text.CyDmaTdAllocate
                0x00001bc8       0x34 .\CortexM3\ARM_GCC_541\Debug\Lab1_GasPedal.a(CyDmac.o)
                0x00001bc8                CyDmaTdAllocate
 .text.CyDmaTdSetConfiguration
                0x00001bfc       0x28 .\CortexM3\ARM_GCC_541\Debug\Lab1_GasPedal.a(CyDmac.o)
                0x00001bfc                CyDmaTdSetConfiguration
 .text.CyDmaTdSetAddress
                0x00001c24       0x1c .\CortexM3\ARM_GCC_541\Debug\Lab1_GasPedal.a(CyDmac.o)
                0x00001c24                CyDmaTdSetAddress
 .text.CyHalt   0x00001c40        0x4 .\CortexM3\ARM_GCC_541\Debug\Lab1_GasPedal.a(CyLib.o)
                0x00001c40                CyHalt
 .text.CyDelayUs
                0x00001c44       0x14 .\CortexM3\ARM_GCC_541\Debug\Lab1_GasPedal.a(CyLib.o)
                0x00001c44                CyDelayUs
 .text.CyWdtStart
                0x00001c58       0x40 .\CortexM3\ARM_GCC_541\Debug\Lab1_GasPedal.a(CyLib.o)
                0x00001c58                CyWdtStart
 .text.CyWdtClear
                0x00001c98        0xc .\CortexM3\ARM_GCC_541\Debug\Lab1_GasPedal.a(CyLib.o)
                0x00001c98                CyWdtClear
 .text.CyIntSetPriority
                0x00001ca4       0x30 .\CortexM3\ARM_GCC_541\Debug\Lab1_GasPedal.a(CyLib.o)
                0x00001ca4                CyIntSetPriority
 .text          0x00001cd4       0x7c .\CortexM3\ARM_GCC_541\Debug\Lab1_GasPedal.a(ErikaOS_1_ee_gnu_change_context_isr.o)
                0x00001cd4                EE_set_switch_context_pri
                0x00001cee                EE_switch_context
                0x00001cf8                EE_cortex_mx_pendsv_ISR
                0x00001d34                EE_cortex_mx_svc_ISR
 .text          0x00001d50       0x24 .\CortexM3\ARM_GCC_541\Debug\Lab1_GasPedal.a(ErikaOS_1_ee_gnu_irq_stack.o)
                0x00001d50                EE_cortex_mx_change_IRQ_stack
                0x00001d62                EE_cortex_mx_change_IRQ_stack_back
 .text          0x00001d74       0x68 .\CortexM3\ARM_GCC_541\Debug\Lab1_GasPedal.a(ErikaOS_1_ee_gnu_multi_context.o)
                0x00001d74                EE_cortex_mx_change_context
 .text          0x00001ddc       0x80 .\CortexM3\ARM_GCC_541\Debug\Lab1_GasPedal.a(ErikaOS_1_ee_gnu_oo.o)
                0x00001ddc                EE_hal_terminate_savestk
                0x00001e26                EE_hal_terminate_task
 *fill*         0x00001e5c        0x4 
 .text          0x00001e60       0x20 .\CortexM3\ARM_GCC_541\Debug\Lab1_GasPedal.a(CyBootAsmGnu.o)
                0x00001e60                CyDelayCycles
                0x00001e70                CyEnterCriticalSection
                0x00001e78                CyExitCriticalSection
 .text.EE_thread_not_terminated
                0x00001e80       0x10 .\CortexM3\ARM_GCC_541\Debug\Lab1_GasPedal.a(ErikaOS_1_ee_tnterm.o)
                0x00001e80                EE_thread_not_terminated
 .text.EE_oo_thread_stub
                0x00001e90       0x10 .\CortexM3\ARM_GCC_541\Debug\Lab1_GasPedal.a(ErikaOS_1_ee_tstub.o)
                0x00001e90                EE_oo_thread_stub
 .text.EE_std_run_task_code
                0x00001ea0       0x18 .\CortexM3\ARM_GCC_541\Debug\Lab1_GasPedal.a(ErikaOS_1_cortex_mx_ee_context.o)
                0x00001ea0                EE_std_run_task_code
 .text.EE_std_need_context_change
                0x00001eb8       0x28 .\CortexM3\ARM_GCC_541\Debug\Lab1_GasPedal.a(ErikaOS_1_cortex_mx_ee_context.o)
                0x00001eb8                EE_std_need_context_change
 .text.EE_thread_rnact_max
                0x00001ee0       0x20 .\CortexM3\ARM_GCC_541\Debug\Lab1_GasPedal.a(ErikaOS_1_ee_thendin.o)
 .text.EE_thread_endcycle_next
                0x00001f00       0x30 .\CortexM3\ARM_GCC_541\Debug\Lab1_GasPedal.a(ErikaOS_1_ee_thendin.o)
 .text.EE_thread_end_instance
                0x00001f30      0x108 .\CortexM3\ARM_GCC_541\Debug\Lab1_GasPedal.a(ErikaOS_1_ee_thendin.o)
                0x00001f30                EE_thread_end_instance
 .text.__errno  0x00002038        0xc c:/program files (x86)/cypress/psoc creator/4.4/psoc creator/import/gnu/arm/5.4.1/bin/../lib/gcc/arm-none-eabi/5.4.1/../../../../arm-none-eabi/lib/armv7-m\libg_nano.a(lib_a-errno.o)
                0x00002038                __errno
 .text.__libc_init_array
                0x00002044       0x4c c:/program files (x86)/cypress/psoc creator/4.4/psoc creator/import/gnu/arm/5.4.1/bin/../lib/gcc/arm-none-eabi/5.4.1/../../../../arm-none-eabi/lib/armv7-m\libg_nano.a(lib_a-init.o)
                0x00002044                __libc_init_array
 .text.memcpy   0x00002090       0x16 c:/program files (x86)/cypress/psoc creator/4.4/psoc creator/import/gnu/arm/5.4.1/bin/../lib/gcc/arm-none-eabi/5.4.1/../../../../arm-none-eabi/lib/armv7-m\libg_nano.a(lib_a-memcpy-stub.o)
                0x00002090                memcpy
 .text.memset   0x000020a6       0x10 c:/program files (x86)/cypress/psoc creator/4.4/psoc creator/import/gnu/arm/5.4.1/bin/../lib/gcc/arm-none-eabi/5.4.1/../../../../arm-none-eabi/lib/armv7-m\libg_nano.a(lib_a-memset.o)
                0x000020a6                memset
 *(.plt)
 *(.gnu.warning)
 *(.glue_7t)
 .glue_7t       0x000020b6        0x0 linker stubs
 *(.glue_7)
 .glue_7        0x000020b6        0x0 linker stubs
 *(.vfp11_veneer)
 .vfp11_veneer  0x000020b6        0x0 linker stubs
 *(.bootloader)
 *(.ARM.extab* .gnu.linkonce.armextab.*)
 *(.gcc_except_table)

.v4_bx          0x000020b8        0x0
 .v4_bx         0x000020b8        0x0 linker stubs

.iplt           0x000020b8        0x0
 .iplt          0x000020b8        0x0 c:/program files (x86)/cypress/psoc creator/4.4/psoc creator/import/gnu/arm/5.4.1/bin/../lib/gcc/arm-none-eabi/5.4.1/armv7-m/crtbegin.o

.eh_frame_hdr
 *(.eh_frame_hdr)

.eh_frame       0x000020b8        0x4
 *(.eh_frame)
 .eh_frame      0x000020b8        0x0 c:/program files (x86)/cypress/psoc creator/4.4/psoc creator/import/gnu/arm/5.4.1/bin/../lib/gcc/arm-none-eabi/5.4.1/armv7-m/crtbegin.o
 .eh_frame      0x000020b8        0x4 c:/program files (x86)/cypress/psoc creator/4.4/psoc creator/import/gnu/arm/5.4.1/bin/../lib/gcc/arm-none-eabi/5.4.1/armv7-m/crtend.o
                [!provide]                PROVIDE (__exidx_start, .)

.ARM.exidx
 *(.ARM.exidx* .gnu.linkonce.armexidx.*)
                0x000020bc                __exidx_end = .

.rodata         0x000020bc      0x634
 *(.rodata .rodata.* .gnu.linkonce.r.*)
 .rodata.str1.4
                0x000020bc       0x35 .\CortexM3\ARM_GCC_541\Debug\main.o
 *fill*         0x000020f1        0x3 
 .rodata.str1.4
                0x000020f4       0x29 .\CortexM3\ARM_GCC_541\Debug\swc_brakelight.o
 *fill*         0x0000211d        0x3 
 .rodata.str1.4
                0x00002120       0x2a .\CortexM3\ARM_GCC_541\Debug\swc_engine.o
 *fill*         0x0000214a        0x2 
 .rodata.str1.4
                0x0000214c       0x34 .\CortexM3\ARM_GCC_541\Debug\swc_joystick.o
 .rodata        0x00002180        0xa .\CortexM3\ARM_GCC_541\Debug\tsk_control.o
                0x00002180                RTE_eventActivationTable_tsk_control
                0x00002188                RTE_eventActivation_tsk_control_size
 *fill*         0x0000218a        0x2 
 .rodata        0x0000218c       0x1c .\CortexM3\ARM_GCC_541\Debug\tsk_io.o
                0x0000218c                RTE_cyclicActivationTable_tsk_io
                0x0000219c                RTE_eventActivationTable_tsk_io
                0x000021a4                RTE_eventActivation_tsk_io_size
                0x000021a6                RTE_cyclicActivation_tsk_io_size
 .rodata        0x000021a8      0x200 .\CortexM3\ARM_GCC_541\Debug\led.o
 .rodata        0x000023a8       0xa8 .\CortexM3\ARM_GCC_541\Debug\sp_common.o
                0x00002420                so_speed_updTasks
                0x0000244c                so_joystick_updTasks
 .rodata        0x00002450       0x3a .\CortexM3\ARM_GCC_541\Debug\cyfitter_cfg.o
 *fill*         0x0000248a        0x2 
 .rodata        0x0000248c      0x100 .\CortexM3\ARM_GCC_541\Debug\Lab1_GasPedal.a(ErikaOS_1_ee_lookup.o)
                0x0000248c                EE_rq_lookup
 .rodata        0x0000258c       0xc0 .\CortexM3\ARM_GCC_541\Debug\Lab1_GasPedal.a(ErikaOS_1_eecfg.o)
                0x0000258c                EE_oo_autostart_task_data
                0x00002598                EE_oo_action_ROM
                0x000025ac                EE_oo_counter_object_ROM
                0x000025b8                EE_ALARM_ID
                0x000025bc                EE_alarm_ROM
                0x000025c0                EE_counter_ROM
                0x000025cc                EE_th_is_extended
                0x000025dc                EE_th_rnact_max
                0x000025ec                EE_th_dispatch_prio
                0x000025fc                EE_EVENT_ID
                0x00002608                EE_th_ready_prio
                0x00002618                EE_terminate_real_th_body
                0x00002628                EE_hal_thread_body
                0x00002638                EE_std_thread_tos
 .rodata.str1.4
                0x0000264c       0x68 .\CortexM3\ARM_GCC_541\Debug\Lab1_GasPedal.a(ErikaOS_1_eecfg.o)
                                 0x67 (size before relaxing)
 .rodata.str1.1
                0x000026b4        0x2 c:/program files (x86)/cypress/psoc creator/4.4/psoc creator/import/gnu/arm/5.4.1/bin/../lib/gcc/arm-none-eabi/5.4.1/../../../../arm-none-eabi/lib/armv7-m\libg_nano.a(lib_a-impure.o)
                0x000026b8                . = ALIGN (0x4)
 *fill*         0x000026b6        0x2 
 *(.init)
 .init          0x000026b8        0x4 c:/program files (x86)/cypress/psoc creator/4.4/psoc creator/import/gnu/arm/5.4.1/bin/../lib/gcc/arm-none-eabi/5.4.1/armv7-m/crti.o
                0x000026b8                _init
 .init          0x000026bc        0x8 c:/program files (x86)/cypress/psoc creator/4.4/psoc creator/import/gnu/arm/5.4.1/bin/../lib/gcc/arm-none-eabi/5.4.1/armv7-m/crtn.o
                0x000026c4                . = ALIGN (0x4)
                0x000026c4                __preinit_array_start = .
 *(.preinit_array)
                0x000026c4                __preinit_array_end = .
                0x000026c4                . = ALIGN (0x4)
                0x000026c4                __init_array_start = .
 *(SORT(.init_array.*))
 *(.init_array)
 .init_array    0x000026c4        0x4 c:/program files (x86)/cypress/psoc creator/4.4/psoc creator/import/gnu/arm/5.4.1/bin/../lib/gcc/arm-none-eabi/5.4.1/armv7-m/crtbegin.o
 .init_array    0x000026c8        0x4 .\CortexM3\ARM_GCC_541\Debug\Cm3Start.o
                0x000026cc                __init_array_end = .
                0x000026cc                . = ALIGN (0x4)
 *(.fini)
 .fini          0x000026cc        0x4 c:/program files (x86)/cypress/psoc creator/4.4/psoc creator/import/gnu/arm/5.4.1/bin/../lib/gcc/arm-none-eabi/5.4.1/armv7-m/crti.o
                0x000026cc                _fini
 .fini          0x000026d0        0x8 c:/program files (x86)/cypress/psoc creator/4.4/psoc creator/import/gnu/arm/5.4.1/bin/../lib/gcc/arm-none-eabi/5.4.1/armv7-m/crtn.o
                0x000026d8                . = ALIGN (0x4)
                0x000026d8                __fini_array_start = .
 *(.fini_array)
 .fini_array    0x000026d8        0x4 c:/program files (x86)/cypress/psoc creator/4.4/psoc creator/import/gnu/arm/5.4.1/bin/../lib/gcc/arm-none-eabi/5.4.1/armv7-m/crtbegin.o
 *(SORT(.fini_array.*))
                0x000026dc                __fini_array_end = .
                0x000026dc                . = ALIGN (0x4)
 *crtbegin.o(.ctors)
 *(EXCLUDE_FILE(*crtend.o) .ctors)
 *(SORT(.ctors.*))
 *crtend.o(.ctors)
                0x000026dc                . = ALIGN (0x4)
 *crtbegin.o(.dtors)
 *(EXCLUDE_FILE(*crtend.o) .dtors)
 *(SORT(.dtors.*))
 *crtend.o(.dtors)
                0x000026dc                . = ALIGN (0x4)
                0x000026dc                __cy_regions = .
                0x000026dc        0x4 LONG 0x26f0 __cy_region_init_ram
                0x000026e0        0x4 LONG 0x1fff80c8 __cy_region_start_data
                0x000026e4        0x4 LONG 0x1d8 __cy_region_init_size_ram
                0x000026e8        0x4 LONG 0x42d0 __cy_region_zero_size_ram
                0x000026ec                __cy_regions_end = .
                0x000026f0                . = ALIGN (0x8)
 *fill*         0x000026ec        0x4 
                0x000026f0                _etext = .

.cy_checksum_exclude
                0x000026f0        0x0
 *(.cy_checksum_exclude)

.ramvectors     0x1fff8000       0xc0
                0x1fff8000                __cy_region_start_ram = .
 *(.ramvectors)
 .ramvectors    0x1fff8000       0xc0 .\CortexM3\ARM_GCC_541\Debug\Cm3Start.o
                0x1fff8000                CyRamVectors

.noinit         0x1fff80c0        0x1
 *(.noinit)
 .noinit        0x1fff80c0        0x1 .\CortexM3\ARM_GCC_541\Debug\Lab1_GasPedal.a(CyLib.o)
                0x1fff80c0                CyResetStatus

.data           0x1fff80c8      0x1d8 load address 0x000026f0
                0x1fff80c8                __cy_region_start_data = .
 *(.jcr)
 .jcr           0x1fff80c8        0x0 c:/program files (x86)/cypress/psoc creator/4.4/psoc creator/import/gnu/arm/5.4.1/bin/../lib/gcc/arm-none-eabi/5.4.1/armv7-m/crtbegin.o
 .jcr           0x1fff80c8        0x4 c:/program files (x86)/cypress/psoc creator/4.4/psoc creator/import/gnu/arm/5.4.1/bin/../lib/gcc/arm-none-eabi/5.4.1/armv7-m/crtend.o
 *(.got.plt)
 *(.got)
 *(.shdata)
 *(.data .data.* .gnu.linkonce.d.*)
 .data          0x1fff80cc       0x30 .\CortexM3\ARM_GCC_541\Debug\sp_common.o
                0x1fff80cc                SO_JOYSTICK_signal
                0x1fff80d8                SO_SPEED_signal
                0x1fff80e4                SO_ENGINE_signal
                0x1fff80f0                SO_BRAKELIGHT_signal
 .data          0x1fff80fc      0x11c .\CortexM3\ARM_GCC_541\Debug\Lab1_GasPedal.a(ErikaOS_1_eecfg.o)
                0x1fff80fc                EE_ALARM_NAME
                0x1fff8100                EE_counter_RAM
                0x1fff8108                EE_th_terminate_nextask
                0x1fff8118                EE_rq_pairs_next
                0x1fff8128                EE_rq_link
                0x1fff8138                EE_th_rnact
                0x1fff8148                EE_rq_queues_tail
                0x1fff8188                EE_rq_queues_head
                0x1fff81c8                EE_stkfirst
                0x1fff81cc                EE_th_next
                0x1fff81dc                EE_th_status
                0x1fff81ec                EE_EVENT_NAME
                0x1fff81f8                EE_TASK_NAME
                0x1fff8208                EE_cortex_mx_IRQ_tos
                0x1fff820c                EE_cortex_mx_system_tos
 .data          0x1fff8218        0x2 .\CortexM3\ARM_GCC_541\Debug\Lab1_GasPedal.a(JOYSTICK_ADC.o)
 .data          0x1fff821a        0x1 .\CortexM3\ARM_GCC_541\Debug\Lab1_GasPedal.a(JOYSTICK_ADC_TempBuf_dma.o)
                0x1fff821a                JOYSTICK_ADC_TempBuf_DmaHandle
 .data          0x1fff821b        0x1 .\CortexM3\ARM_GCC_541\Debug\Lab1_GasPedal.a(JOYSTICK_ADC_FinalBuf_dma.o)
                0x1fff821b                JOYSTICK_ADC_FinalBuf_DmaHandle
 .data          0x1fff821c        0x8 .\CortexM3\ARM_GCC_541\Debug\Lab1_GasPedal.a(CyDmac.o)
 .data          0x1fff8224       0x10 .\CortexM3\ARM_GCC_541\Debug\Lab1_GasPedal.a(CyLib.o)
                0x1fff8224                cydelay_32k_ms
                0x1fff8228                cydelay_freq_khz
                0x1fff822c                cydelay_freq_mhz
                0x1fff8230                cydelay_freq_hz
 .data          0x1fff8234        0x4 .\CortexM3\ARM_GCC_541\Debug\Lab1_GasPedal.a(ErikaOS_1_ee_gnu_irq_stack.o)
 .data.impure_data
                0x1fff8238       0x60 c:/program files (x86)/cypress/psoc creator/4.4/psoc creator/import/gnu/arm/5.4.1/bin/../lib/gcc/arm-none-eabi/5.4.1/../../../../arm-none-eabi/lib/armv7-m\libg_nano.a(lib_a-impure.o)
 .data._impure_ptr
                0x1fff8298        0x4 c:/program files (x86)/cypress/psoc creator/4.4/psoc creator/import/gnu/arm/5.4.1/bin/../lib/gcc/arm-none-eabi/5.4.1/../../../../arm-none-eabi/lib/armv7-m\libg_nano.a(lib_a-impure.o)
                0x1fff8298                _impure_ptr
                0x1fff82a0                . = ALIGN (0x8)
 *fill*         0x1fff829c        0x4 
 *(.ram)
                0x1fff82a0                _edata = .

.igot.plt       0x1fff82a0        0x0 load address 0x000028c8
 .igot.plt      0x1fff82a0        0x0 c:/program files (x86)/cypress/psoc creator/4.4/psoc creator/import/gnu/arm/5.4.1/bin/../lib/gcc/arm-none-eabi/5.4.1/armv7-m/crtbegin.o

.bss            0x1fff82a0     0x42d0 load address 0x000028c8
                0x1fff82a0                PROVIDE (__bss_start__, .)
 *(.shbss)
 *(.bss .bss.* .gnu.linkonce.b.*)
 .bss           0x1fff82a0       0x1c c:/program files (x86)/cypress/psoc creator/4.4/psoc creator/import/gnu/arm/5.4.1/bin/../lib/gcc/arm-none-eabi/5.4.1/armv7-m/crtbegin.o
 .bss           0x1fff82bc        0x3 .\CortexM3\ARM_GCC_541\Debug\led.o
 *fill*         0x1fff82bf        0x1 
 .bss           0x1fff82c0        0x4 .\CortexM3\ARM_GCC_541\Debug\watchdog_timer.o
 .bss           0x1fff82c4       0x40 .\CortexM3\ARM_GCC_541\Debug\Lab1_GasPedal.a(ErikaOS_1_eecfg.o)
                0x1fff82c4                EE_th_waswaiting
                0x1fff82d4                EE_th_event_waitmask
                0x1fff82e4                EE_th_event_active
                0x1fff82f4                EE_rq_free
                0x1fff82f8                EE_rq_bitmask
                0x1fff82fc                EE_sys_ceiling
                0x1fff8300                EE_cortex_mx_active_tos
 .bss           0x1fff8304        0xc .\CortexM3\ARM_GCC_541\Debug\Lab1_GasPedal.a(JOYSTICK_ADC.o)
                0x1fff830c                JOYSTICK_ADC_initVar
 .bss           0x1fff8310        0x1 .\CortexM3\ARM_GCC_541\Debug\Lab1_GasPedal.a(Engine_PWM.o)
                0x1fff8310                Engine_PWM_initVar
 .bss           0x1fff8311        0x2 .\CortexM3\ARM_GCC_541\Debug\Lab1_GasPedal.a(UART_LOG.o)
                0x1fff8311                UART_LOG_initVar
 .bss           0x1fff8313        0x1 .\CortexM3\ARM_GCC_541\Debug\Lab1_GasPedal.a(JOYSTICK_ADC_SAR.o)
                0x1fff8313                JOYSTICK_ADC_SAR_initVar
 *(COMMON)
 COMMON         0x1fff8314        0x8 .\CortexM3\ARM_GCC_541\Debug\Lab1_GasPedal.a(ErikaOS_1_ee_lookup.o)
                0x1fff8314                EE_oo_IRQ_disable_count
                0x1fff8318                EE_oo_IRQ_suspend_status
 COMMON         0x1fff831c        0x4 .\CortexM3\ARM_GCC_541\Debug\Lab1_GasPedal.a(ErikaOS_1_ee_startos.o)
                0x1fff831c                EE_oo_started
 COMMON         0x1fff8320        0x8 .\CortexM3\ARM_GCC_541\Debug\Lab1_GasPedal.a(ErikaOS_1_common_ee_hal_structs.o)
                0x1fff8320                EE_IRQ_nesting_level
                0x1fff8324                EE_std_endcycle_next_tid
 COMMON         0x1fff8328     0x4234 .\CortexM3\ARM_GCC_541\Debug\Lab1_GasPedal.a(ErikaOS_1_eecfg.o)
                0x1fff8328                EE_rq_pairs_tid
                0x1fff8338                EE_terminate_data
                0x1fff8348                EE_oo_counter_object_RAM
                0x1fff8358                EE_cortex_mx_stack_1
                0x1fffa358                EE_cortex_mx_stack_2
                0x1fffc358                EE_ApplicationMode
                0x1fffc35c                EE_cortex_mx_stack_9
 COMMON         0x1fffc55c        0x4 .\CortexM3\ARM_GCC_541\Debug\Lab1_GasPedal.a(JOYSTICK_ADC.o)
                0x1fffc55c                JOYSTICK_ADC_finalArray
 COMMON         0x1fffc560        0xc .\CortexM3\ARM_GCC_541\Debug\Lab1_GasPedal.a(JOYSTICK_ADC_SAR.o)
                0x1fffc560                JOYSTICK_ADC_SAR_shift
                0x1fffc562                JOYSTICK_ADC_SAR_countsPerVolt
                0x1fffc564                JOYSTICK_ADC_SAR_offset
                0x1fffc568                JOYSTICK_ADC_SAR_countsPer10Volt
                0x1fffc570                . = ALIGN (0x8)
 *fill*         0x1fffc56c        0x4 
 *(.ram.b)
                0x1fffc570                _end = .
                0x1fffc570                __end = .
                0x1fffc570                PROVIDE (end, .)
                0x1fffc570                PROVIDE (__bss_end__, .)
                0x000026f0                __cy_region_init_ram = LOADADDR (.data)
                0x000001d8                __cy_region_init_size_ram = (_edata - ADDR (.data))
                0x000042d0                __cy_region_zero_size_ram = (_end - _edata)

.heap           0x1fffc570       0x80 load address 0x000028c8
                0x1fffc570                . = _end
                0x1fffc5f0                . = (. + 0x80)
 *fill*         0x1fffc570       0x80 
                0x1fffc5f0                __cy_heap_limit = .

.stack          0x20007800      0x800
                0x20007800                __cy_stack_limit = .
                0x20008000                . = (. + 0x800)
 *fill*         0x20007800      0x800 
                0x00000001                ASSERT ((__cy_stack_limit >= __cy_heap_limit), region RAM overflowed with stack)
                0x00000000                cy_checksum_exclude_size = (CY_APPL_LOADABLE == 0x1)?SIZEOF (.cy_checksum_exclude):0x0
                0x00000001                ASSERT ((cy_checksum_exclude_size <= CY_CHECKSUM_EXCLUDE_SIZE), CY_BOOT: Section .cy_checksum_exclude size exceedes specified limit.)

.cyloadermeta
 *(.cyloadermeta)

.cyloadablemeta
 *(.cyloadablemeta)

.cyconfigecc    0x80000000      0x808
 *(.cyconfigecc)
 .cyconfigecc   0x80000000      0x808 .\CortexM3\ARM_GCC_541\Debug\cymetadata.o
                0x80000000                cy_meta_configecc

.cycustnvl      0x90000000        0x4
 *(.cycustnvl)
 .cycustnvl     0x90000000        0x4 .\CortexM3\ARM_GCC_541\Debug\cymetadata.o
                0x90000000                cy_meta_custnvl

.cywolatch      0x90100000        0x4
 *(.cywolatch)
 .cywolatch     0x90100000        0x4 .\CortexM3\ARM_GCC_541\Debug\cymetadata.o
                0x90100000                cy_meta_wonvl

.cyeeprom       0x90200000        0x0
 *(.cyeeprom)
                0x00000001                ASSERT ((. <= ((0x90200000 + ee_offset) + ee_size)), .cyeeprom data will not fit in EEPROM)

.cyflashprotect
                0x90400000      0x100
 *(.cyflashprotect)
 .cyflashprotect
                0x90400000      0x100 .\CortexM3\ARM_GCC_541\Debug\cymetadata.o
                0x90400000                cy_meta_flashprotect

.cymeta         0x90500000        0xc
 *(.cymeta)
 .cymeta        0x90500000        0xc .\CortexM3\ARM_GCC_541\Debug\cymetadata.o
                0x90500000                cy_metadata

.rel.dyn        0x000028c8        0x0 load address 0x9050000c
 .rel.iplt      0x000028c8        0x0 c:/program files (x86)/cypress/psoc creator/4.4/psoc creator/import/gnu/arm/5.4.1/bin/../lib/gcc/arm-none-eabi/5.4.1/armv7-m/crtbegin.o

.stab
 *(.stab)

.stabstr
 *(.stabstr)

.debug
 *(.debug)

.line
 *(.line)

.debug_srcinfo
 *(.debug_srcinfo)

.debug_sfnames
 *(.debug_sfnames)

.debug_aranges  0x00000000     0x10b8
 *(.debug_aranges)
 .debug_aranges
                0x00000000       0x58 .\CortexM3\ARM_GCC_541\Debug\main.o
 .debug_aranges
                0x00000058       0x20 .\CortexM3\ARM_GCC_541\Debug\swc_brakelight.o
 .debug_aranges
                0x00000078       0x20 .\CortexM3\ARM_GCC_541\Debug\swc_control.o
 .debug_aranges
                0x00000098       0x20 .\CortexM3\ARM_GCC_541\Debug\swc_engine.o
 .debug_aranges
                0x000000b8       0x20 .\CortexM3\ARM_GCC_541\Debug\swc_joystick.o
 .debug_aranges
                0x000000d8       0x20 .\CortexM3\ARM_GCC_541\Debug\tsk_control.o
 .debug_aranges
                0x000000f8       0x20 .\CortexM3\ARM_GCC_541\Debug\tsk_io.o
 .debug_aranges
                0x00000118       0x28 .\CortexM3\ARM_GCC_541\Debug\joystick.o
 .debug_aranges
                0x00000140       0x38 .\CortexM3\ARM_GCC_541\Debug\led.o
 .debug_aranges
                0x00000178       0x38 .\CortexM3\ARM_GCC_541\Debug\watchdog_timer.o
 .debug_aranges
                0x000001b0       0x28 .\CortexM3\ARM_GCC_541\Debug\rte.o
 .debug_aranges
                0x000001d8       0x20 .\CortexM3\ARM_GCC_541\Debug\sc_brakelight_type.o
 .debug_aranges
                0x000001f8       0x20 .\CortexM3\ARM_GCC_541\Debug\sc_engine_type.o
 .debug_aranges
                0x00000218       0x20 .\CortexM3\ARM_GCC_541\Debug\sc_joystick_type.o
 .debug_aranges
                0x00000238       0x28 .\CortexM3\ARM_GCC_541\Debug\sp_common.o
 .debug_aranges
                0x00000260       0x58 .\CortexM3\ARM_GCC_541\Debug\cyfitter_cfg.o
 .debug_aranges
                0x000002b8       0x18 .\CortexM3\ARM_GCC_541\Debug\cymetadata.o
 .debug_aranges
                0x000002d0       0x48 .\CortexM3\ARM_GCC_541\Debug\Cm3Start.o
 .debug_aranges
                0x00000318       0x20 .\CortexM3\ARM_GCC_541\Debug\Lab1_GasPedal.a(ErikaOS_1_ee_activate.o)
 .debug_aranges
                0x00000338       0x20 .\CortexM3\ARM_GCC_541\Debug\Lab1_GasPedal.a(ErikaOS_1_ee_alsetrel.o)
 .debug_aranges
                0x00000358       0x58 .\CortexM3\ARM_GCC_541\Debug\Lab1_GasPedal.a(ErikaOS_1_ee_altick.o)
 .debug_aranges
                0x000003b0       0x20 .\CortexM3\ARM_GCC_541\Debug\Lab1_GasPedal.a(ErikaOS_1_ee_evclear.o)
 .debug_aranges
                0x000003d0       0x20 .\CortexM3\ARM_GCC_541\Debug\Lab1_GasPedal.a(ErikaOS_1_ee_evget.o)
 .debug_aranges
                0x000003f0       0x20 .\CortexM3\ARM_GCC_541\Debug\Lab1_GasPedal.a(ErikaOS_1_ee_evset.o)
 .debug_aranges
                0x00000410       0x20 .\CortexM3\ARM_GCC_541\Debug\Lab1_GasPedal.a(ErikaOS_1_ee_evwait.o)
 .debug_aranges
                0x00000430       0x30 .\CortexM3\ARM_GCC_541\Debug\Lab1_GasPedal.a(ErikaOS_1_ee_irqendin.o)
 .debug_aranges
                0x00000460       0x18 .\CortexM3\ARM_GCC_541\Debug\Lab1_GasPedal.a(ErikaOS_1_ee_lookup.o)
 .debug_aranges
                0x00000478       0x20 .\CortexM3\ARM_GCC_541\Debug\Lab1_GasPedal.a(ErikaOS_1_ee_rq_exchg.o)
 .debug_aranges
                0x00000498       0x20 .\CortexM3\ARM_GCC_541\Debug\Lab1_GasPedal.a(ErikaOS_1_ee_rq_first.o)
 .debug_aranges
                0x000004b8       0x20 .\CortexM3\ARM_GCC_541\Debug\Lab1_GasPedal.a(ErikaOS_1_ee_rq_inser.o)
 .debug_aranges
                0x000004d8       0x30 .\CortexM3\ARM_GCC_541\Debug\Lab1_GasPedal.a(ErikaOS_1_ee_shtdown.o)
 .debug_aranges
                0x00000508       0x40 .\CortexM3\ARM_GCC_541\Debug\Lab1_GasPedal.a(ErikaOS_1_ee_startos.o)
 .debug_aranges
                0x00000548       0x20 .\CortexM3\ARM_GCC_541\Debug\Lab1_GasPedal.a(ErikaOS_1_ee_terminat.o)
 .debug_aranges
                0x00000568       0x20 .\CortexM3\ARM_GCC_541\Debug\Lab1_GasPedal.a(ErikaOS_1_cortex_mx_ee_utils.o)
 .debug_aranges
                0x00000588       0x18 .\CortexM3\ARM_GCC_541\Debug\Lab1_GasPedal.a(ErikaOS_1_common_ee_hal_structs.o)
 .debug_aranges
                0x000005a0       0x18 .\CortexM3\ARM_GCC_541\Debug\Lab1_GasPedal.a(ErikaOS_1_eecfg.o)
 .debug_aranges
                0x000005b8       0xa0 .\CortexM3\ARM_GCC_541\Debug\Lab1_GasPedal.a(JOYSTICK_ADC.o)
 .debug_aranges
                0x00000658       0x20 .\CortexM3\ARM_GCC_541\Debug\Lab1_GasPedal.a(JOYSTICK_ADC_INT.o)
 .debug_aranges
                0x00000678       0x98 .\CortexM3\ARM_GCC_541\Debug\Lab1_GasPedal.a(Engine_PWM.o)
 .debug_aranges
                0x00000710       0x38 .\CortexM3\ARM_GCC_541\Debug\Lab1_GasPedal.a(Brake_LED.o)
 .debug_aranges
                0x00000748       0xf0 .\CortexM3\ARM_GCC_541\Debug\Lab1_GasPedal.a(UART_LOG.o)
 .debug_aranges
                0x00000838       0x48 .\CortexM3\ARM_GCC_541\Debug\Lab1_GasPedal.a(WD_Button.o)
 .debug_aranges
                0x00000880       0xa8 .\CortexM3\ARM_GCC_541\Debug\Lab1_GasPedal.a(JOYSTICK_ADC_SAR.o)
 .debug_aranges
                0x00000928       0x28 .\CortexM3\ARM_GCC_541\Debug\Lab1_GasPedal.a(JOYSTICK_ADC_TempBuf_dma.o)
 .debug_aranges
                0x00000950       0x28 .\CortexM3\ARM_GCC_541\Debug\Lab1_GasPedal.a(JOYSTICK_ADC_FinalBuf_dma.o)
 .debug_aranges
                0x00000978       0x80 .\CortexM3\ARM_GCC_541\Debug\Lab1_GasPedal.a(JOYSTICK_ADC_IRQ.o)
 .debug_aranges
                0x000009f8       0x70 .\CortexM3\ARM_GCC_541\Debug\Lab1_GasPedal.a(UART_LOG_IntClock.o)
 .debug_aranges
                0x00000a68       0xd8 .\CortexM3\ARM_GCC_541\Debug\Lab1_GasPedal.a(CyDmac.o)
 .debug_aranges
                0x00000b40      0x2a0 .\CortexM3\ARM_GCC_541\Debug\Lab1_GasPedal.a(CyLib.o)
 .debug_aranges
                0x00000de0       0x98 .\CortexM3\ARM_GCC_541\Debug\Lab1_GasPedal.a(cyPm.o)
 .debug_aranges
                0x00000e78       0x20 .\CortexM3\ARM_GCC_541\Debug\Lab1_GasPedal.a(ErikaOS_1_ee_gnu_change_context_isr.o)
 .debug_aranges
                0x00000e98       0x20 .\CortexM3\ARM_GCC_541\Debug\Lab1_GasPedal.a(ErikaOS_1_ee_gnu_irq_stack.o)
 .debug_aranges
                0x00000eb8       0x20 .\CortexM3\ARM_GCC_541\Debug\Lab1_GasPedal.a(ErikaOS_1_ee_gnu_multi_context.o)
 .debug_aranges
                0x00000ed8       0x20 .\CortexM3\ARM_GCC_541\Debug\Lab1_GasPedal.a(ErikaOS_1_ee_gnu_oo.o)
 .debug_aranges
                0x00000ef8       0x20 .\CortexM3\ARM_GCC_541\Debug\Lab1_GasPedal.a(CyBootAsmGnu.o)
 .debug_aranges
                0x00000f18       0x20 .\CortexM3\ARM_GCC_541\Debug\Lab1_GasPedal.a(ErikaOS_1_ee_tnterm.o)
 .debug_aranges
                0x00000f38       0x20 .\CortexM3\ARM_GCC_541\Debug\Lab1_GasPedal.a(ErikaOS_1_ee_tstub.o)
 .debug_aranges
                0x00000f58       0x28 .\CortexM3\ARM_GCC_541\Debug\Lab1_GasPedal.a(ErikaOS_1_cortex_mx_ee_context.o)
 .debug_aranges
                0x00000f80       0x88 .\CortexM3\ARM_GCC_541\Debug\Lab1_GasPedal.a(CyFlash.o)
 .debug_aranges
                0x00001008       0x80 .\CortexM3\ARM_GCC_541\Debug\Lab1_GasPedal.a(CySpc.o)
 .debug_aranges
                0x00001088       0x30 .\CortexM3\ARM_GCC_541\Debug\Lab1_GasPedal.a(ErikaOS_1_ee_thendin.o)

.debug_pubnames
 *(.debug_pubnames)

.debug_info     0x00000000    0x14d03
 *(.debug_info .gnu.linkonce.wi.*)
 .debug_info    0x00000000      0x797 .\CortexM3\ARM_GCC_541\Debug\main.o
 .debug_info    0x00000797      0x792 .\CortexM3\ARM_GCC_541\Debug\swc_brakelight.o
 .debug_info    0x00000f29      0x7f6 .\CortexM3\ARM_GCC_541\Debug\swc_control.o
 .debug_info    0x0000171f      0x7e0 .\CortexM3\ARM_GCC_541\Debug\swc_engine.o
 .debug_info    0x00001eff      0x6a1 .\CortexM3\ARM_GCC_541\Debug\swc_joystick.o
 .debug_info    0x000025a0      0x279 .\CortexM3\ARM_GCC_541\Debug\tsk_control.o
 .debug_info    0x00002819      0x333 .\CortexM3\ARM_GCC_541\Debug\tsk_io.o
 .debug_info    0x00002b4c      0x2de .\CortexM3\ARM_GCC_541\Debug\joystick.o
 .debug_info    0x00002e2a      0x41f .\CortexM3\ARM_GCC_541\Debug\led.o
 .debug_info    0x00003249      0x31b .\CortexM3\ARM_GCC_541\Debug\watchdog_timer.o
 .debug_info    0x00003564      0x375 .\CortexM3\ARM_GCC_541\Debug\rte.o
 .debug_info    0x000038d9      0x2c5 .\CortexM3\ARM_GCC_541\Debug\sc_brakelight_type.o
 .debug_info    0x00003b9e      0x2c1 .\CortexM3\ARM_GCC_541\Debug\sc_engine_type.o
 .debug_info    0x00003e5f      0x280 .\CortexM3\ARM_GCC_541\Debug\sc_joystick_type.o
 .debug_info    0x000040df      0xc09 .\CortexM3\ARM_GCC_541\Debug\sp_common.o
 .debug_info    0x00004ce8      0x635 .\CortexM3\ARM_GCC_541\Debug\cyfitter_cfg.o
 .debug_info    0x0000531d      0x139 .\CortexM3\ARM_GCC_541\Debug\cymetadata.o
 .debug_info    0x00005456      0x3cf .\CortexM3\ARM_GCC_541\Debug\Cm3Start.o
 .debug_info    0x00005825      0x80d .\CortexM3\ARM_GCC_541\Debug\Lab1_GasPedal.a(ErikaOS_1_ee_activate.o)
 .debug_info    0x00006032      0x5e5 .\CortexM3\ARM_GCC_541\Debug\Lab1_GasPedal.a(ErikaOS_1_ee_alsetrel.o)
 .debug_info    0x00006617      0xc3b .\CortexM3\ARM_GCC_541\Debug\Lab1_GasPedal.a(ErikaOS_1_ee_altick.o)
 .debug_info    0x00007252      0x5a7 .\CortexM3\ARM_GCC_541\Debug\Lab1_GasPedal.a(ErikaOS_1_ee_evclear.o)
 .debug_info    0x000077f9      0x4ca .\CortexM3\ARM_GCC_541\Debug\Lab1_GasPedal.a(ErikaOS_1_ee_evget.o)
 .debug_info    0x00007cc3      0x7c3 .\CortexM3\ARM_GCC_541\Debug\Lab1_GasPedal.a(ErikaOS_1_ee_evset.o)
 .debug_info    0x00008486      0x84e .\CortexM3\ARM_GCC_541\Debug\Lab1_GasPedal.a(ErikaOS_1_ee_evwait.o)
 .debug_info    0x00008cd4      0x5cb .\CortexM3\ARM_GCC_541\Debug\Lab1_GasPedal.a(ErikaOS_1_ee_irqendin.o)
 .debug_info    0x0000929f      0x3d0 .\CortexM3\ARM_GCC_541\Debug\Lab1_GasPedal.a(ErikaOS_1_ee_lookup.o)
 .debug_info    0x0000966f      0x46f .\CortexM3\ARM_GCC_541\Debug\Lab1_GasPedal.a(ErikaOS_1_ee_rq_exchg.o)
 .debug_info    0x00009ade      0x421 .\CortexM3\ARM_GCC_541\Debug\Lab1_GasPedal.a(ErikaOS_1_ee_rq_first.o)
 .debug_info    0x00009eff      0x475 .\CortexM3\ARM_GCC_541\Debug\Lab1_GasPedal.a(ErikaOS_1_ee_rq_inser.o)
 .debug_info    0x0000a374      0x4f5 .\CortexM3\ARM_GCC_541\Debug\Lab1_GasPedal.a(ErikaOS_1_ee_shtdown.o)
 .debug_info    0x0000a869     0x2040 .\CortexM3\ARM_GCC_541\Debug\Lab1_GasPedal.a(ErikaOS_1_ee_startos.o)
 .debug_info    0x0000c8a9      0x589 .\CortexM3\ARM_GCC_541\Debug\Lab1_GasPedal.a(ErikaOS_1_ee_terminat.o)
 .debug_info    0x0000ce32      0x513 .\CortexM3\ARM_GCC_541\Debug\Lab1_GasPedal.a(ErikaOS_1_cortex_mx_ee_utils.o)
 .debug_info    0x0000d345      0x3cb .\CortexM3\ARM_GCC_541\Debug\Lab1_GasPedal.a(ErikaOS_1_common_ee_hal_structs.o)
 .debug_info    0x0000d710      0x8c8 .\CortexM3\ARM_GCC_541\Debug\Lab1_GasPedal.a(ErikaOS_1_eecfg.o)
 .debug_info    0x0000dfd8      0x6f2 .\CortexM3\ARM_GCC_541\Debug\Lab1_GasPedal.a(JOYSTICK_ADC.o)
 .debug_info    0x0000e6ca       0xa0 .\CortexM3\ARM_GCC_541\Debug\Lab1_GasPedal.a(JOYSTICK_ADC_INT.o)
 .debug_info    0x0000e76a      0x334 .\CortexM3\ARM_GCC_541\Debug\Lab1_GasPedal.a(Engine_PWM.o)
 .debug_info    0x0000ea9e      0x11f .\CortexM3\ARM_GCC_541\Debug\Lab1_GasPedal.a(Brake_LED.o)
 .debug_info    0x0000ebbd      0x60c .\CortexM3\ARM_GCC_541\Debug\Lab1_GasPedal.a(UART_LOG.o)
 .debug_info    0x0000f1c9      0x174 .\CortexM3\ARM_GCC_541\Debug\Lab1_GasPedal.a(WD_Button.o)
 .debug_info    0x0000f33d      0x544 .\CortexM3\ARM_GCC_541\Debug\Lab1_GasPedal.a(JOYSTICK_ADC_SAR.o)
 .debug_info    0x0000f881      0x1a8 .\CortexM3\ARM_GCC_541\Debug\Lab1_GasPedal.a(JOYSTICK_ADC_TempBuf_dma.o)
 .debug_info    0x0000fa29      0x1aa .\CortexM3\ARM_GCC_541\Debug\Lab1_GasPedal.a(JOYSTICK_ADC_FinalBuf_dma.o)
 .debug_info    0x0000fbd3      0x2d2 .\CortexM3\ARM_GCC_541\Debug\Lab1_GasPedal.a(JOYSTICK_ADC_IRQ.o)
 .debug_info    0x0000fea5      0x283 .\CortexM3\ARM_GCC_541\Debug\Lab1_GasPedal.a(UART_LOG_IntClock.o)
 .debug_info    0x00010128      0x94e .\CortexM3\ARM_GCC_541\Debug\Lab1_GasPedal.a(CyDmac.o)
 .debug_info    0x00010a76     0x1374 .\CortexM3\ARM_GCC_541\Debug\Lab1_GasPedal.a(CyLib.o)
 .debug_info    0x00011dea      0xa2a .\CortexM3\ARM_GCC_541\Debug\Lab1_GasPedal.a(cyPm.o)
 .debug_info    0x00012814       0xf5 .\CortexM3\ARM_GCC_541\Debug\Lab1_GasPedal.a(ErikaOS_1_ee_gnu_change_context_isr.o)
 .debug_info    0x00012909       0xec .\CortexM3\ARM_GCC_541\Debug\Lab1_GasPedal.a(ErikaOS_1_ee_gnu_irq_stack.o)
 .debug_info    0x000129f5       0xf0 .\CortexM3\ARM_GCC_541\Debug\Lab1_GasPedal.a(ErikaOS_1_ee_gnu_multi_context.o)
 .debug_info    0x00012ae5       0xe5 .\CortexM3\ARM_GCC_541\Debug\Lab1_GasPedal.a(ErikaOS_1_ee_gnu_oo.o)
 .debug_info    0x00012bca       0xde .\CortexM3\ARM_GCC_541\Debug\Lab1_GasPedal.a(CyBootAsmGnu.o)
 .debug_info    0x00012ca8      0x43d .\CortexM3\ARM_GCC_541\Debug\Lab1_GasPedal.a(ErikaOS_1_ee_tnterm.o)
 .debug_info    0x000130e5      0x487 .\CortexM3\ARM_GCC_541\Debug\Lab1_GasPedal.a(ErikaOS_1_ee_tstub.o)
 .debug_info    0x0001356c      0x501 .\CortexM3\ARM_GCC_541\Debug\Lab1_GasPedal.a(ErikaOS_1_cortex_mx_ee_context.o)
 .debug_info    0x00013a6d      0x64d .\CortexM3\ARM_GCC_541\Debug\Lab1_GasPedal.a(CyFlash.o)
 .debug_info    0x000140ba      0x550 .\CortexM3\ARM_GCC_541\Debug\Lab1_GasPedal.a(CySpc.o)
 .debug_info    0x0001460a      0x6f9 .\CortexM3\ARM_GCC_541\Debug\Lab1_GasPedal.a(ErikaOS_1_ee_thendin.o)

.debug_abbrev   0x00000000     0x58b0
 *(.debug_abbrev)
 .debug_abbrev  0x00000000      0x216 .\CortexM3\ARM_GCC_541\Debug\main.o
 .debug_abbrev  0x00000216      0x211 .\CortexM3\ARM_GCC_541\Debug\swc_brakelight.o
 .debug_abbrev  0x00000427      0x226 .\CortexM3\ARM_GCC_541\Debug\swc_control.o
 .debug_abbrev  0x0000064d      0x233 .\CortexM3\ARM_GCC_541\Debug\swc_engine.o
 .debug_abbrev  0x00000880      0x250 .\CortexM3\ARM_GCC_541\Debug\swc_joystick.o
 .debug_abbrev  0x00000ad0      0x158 .\CortexM3\ARM_GCC_541\Debug\tsk_control.o
 .debug_abbrev  0x00000c28      0x167 .\CortexM3\ARM_GCC_541\Debug\tsk_io.o
 .debug_abbrev  0x00000d8f      0x11e .\CortexM3\ARM_GCC_541\Debug\joystick.o
 .debug_abbrev  0x00000ead      0x1a9 .\CortexM3\ARM_GCC_541\Debug\led.o
 .debug_abbrev  0x00001056      0x12d .\CortexM3\ARM_GCC_541\Debug\watchdog_timer.o
 .debug_abbrev  0x00001183      0x16b .\CortexM3\ARM_GCC_541\Debug\rte.o
 .debug_abbrev  0x000012ee      0x11e .\CortexM3\ARM_GCC_541\Debug\sc_brakelight_type.o
 .debug_abbrev  0x0000140c      0x129 .\CortexM3\ARM_GCC_541\Debug\sc_engine_type.o
 .debug_abbrev  0x00001535      0x10f .\CortexM3\ARM_GCC_541\Debug\sc_joystick_type.o
 .debug_abbrev  0x00001644      0x1df .\CortexM3\ARM_GCC_541\Debug\sp_common.o
 .debug_abbrev  0x00001823      0x20d .\CortexM3\ARM_GCC_541\Debug\cyfitter_cfg.o
 .debug_abbrev  0x00001a30       0x77 .\CortexM3\ARM_GCC_541\Debug\cymetadata.o
 .debug_abbrev  0x00001aa7      0x1e8 .\CortexM3\ARM_GCC_541\Debug\Cm3Start.o
 .debug_abbrev  0x00001c8f      0x284 .\CortexM3\ARM_GCC_541\Debug\Lab1_GasPedal.a(ErikaOS_1_ee_activate.o)
 .debug_abbrev  0x00001f13      0x1f7 .\CortexM3\ARM_GCC_541\Debug\Lab1_GasPedal.a(ErikaOS_1_ee_alsetrel.o)
 .debug_abbrev  0x0000210a      0x362 .\CortexM3\ARM_GCC_541\Debug\Lab1_GasPedal.a(ErikaOS_1_ee_altick.o)
 .debug_abbrev  0x0000246c      0x1e0 .\CortexM3\ARM_GCC_541\Debug\Lab1_GasPedal.a(ErikaOS_1_ee_evclear.o)
 .debug_abbrev  0x0000264c      0x150 .\CortexM3\ARM_GCC_541\Debug\Lab1_GasPedal.a(ErikaOS_1_ee_evget.o)
 .debug_abbrev  0x0000279c      0x27f .\CortexM3\ARM_GCC_541\Debug\Lab1_GasPedal.a(ErikaOS_1_ee_evset.o)
 .debug_abbrev  0x00002a1b      0x25d .\CortexM3\ARM_GCC_541\Debug\Lab1_GasPedal.a(ErikaOS_1_ee_evwait.o)
 .debug_abbrev  0x00002c78      0x1da .\CortexM3\ARM_GCC_541\Debug\Lab1_GasPedal.a(ErikaOS_1_ee_irqendin.o)
 .debug_abbrev  0x00002e52       0xcf .\CortexM3\ARM_GCC_541\Debug\Lab1_GasPedal.a(ErikaOS_1_ee_lookup.o)
 .debug_abbrev  0x00002f21       0xfc .\CortexM3\ARM_GCC_541\Debug\Lab1_GasPedal.a(ErikaOS_1_ee_rq_exchg.o)
 .debug_abbrev  0x0000301d       0xed .\CortexM3\ARM_GCC_541\Debug\Lab1_GasPedal.a(ErikaOS_1_ee_rq_first.o)
 .debug_abbrev  0x0000310a      0x109 .\CortexM3\ARM_GCC_541\Debug\Lab1_GasPedal.a(ErikaOS_1_ee_rq_inser.o)
 .debug_abbrev  0x00003213      0x193 .\CortexM3\ARM_GCC_541\Debug\Lab1_GasPedal.a(ErikaOS_1_ee_shtdown.o)
 .debug_abbrev  0x000033a6      0x4a7 .\CortexM3\ARM_GCC_541\Debug\Lab1_GasPedal.a(ErikaOS_1_ee_startos.o)
 .debug_abbrev  0x0000384d      0x1de .\CortexM3\ARM_GCC_541\Debug\Lab1_GasPedal.a(ErikaOS_1_ee_terminat.o)
 .debug_abbrev  0x00003a2b      0x1e3 .\CortexM3\ARM_GCC_541\Debug\Lab1_GasPedal.a(ErikaOS_1_cortex_mx_ee_utils.o)
 .debug_abbrev  0x00003c0e       0xcf .\CortexM3\ARM_GCC_541\Debug\Lab1_GasPedal.a(ErikaOS_1_common_ee_hal_structs.o)
 .debug_abbrev  0x00003cdd      0x130 .\CortexM3\ARM_GCC_541\Debug\Lab1_GasPedal.a(ErikaOS_1_eecfg.o)
 .debug_abbrev  0x00003e0d      0x13e .\CortexM3\ARM_GCC_541\Debug\Lab1_GasPedal.a(JOYSTICK_ADC.o)
 .debug_abbrev  0x00003f4b       0x42 .\CortexM3\ARM_GCC_541\Debug\Lab1_GasPedal.a(JOYSTICK_ADC_INT.o)
 .debug_abbrev  0x00003f8d      0x133 .\CortexM3\ARM_GCC_541\Debug\Lab1_GasPedal.a(Engine_PWM.o)
 .debug_abbrev  0x000040c0       0x90 .\CortexM3\ARM_GCC_541\Debug\Lab1_GasPedal.a(Brake_LED.o)
 .debug_abbrev  0x00004150      0x175 .\CortexM3\ARM_GCC_541\Debug\Lab1_GasPedal.a(UART_LOG.o)
 .debug_abbrev  0x000042c5       0x90 .\CortexM3\ARM_GCC_541\Debug\Lab1_GasPedal.a(WD_Button.o)
 .debug_abbrev  0x00004355      0x1ac .\CortexM3\ARM_GCC_541\Debug\Lab1_GasPedal.a(JOYSTICK_ADC_SAR.o)
 .debug_abbrev  0x00004501       0xcd .\CortexM3\ARM_GCC_541\Debug\Lab1_GasPedal.a(JOYSTICK_ADC_TempBuf_dma.o)
 .debug_abbrev  0x000045ce       0xcd .\CortexM3\ARM_GCC_541\Debug\Lab1_GasPedal.a(JOYSTICK_ADC_FinalBuf_dma.o)
 .debug_abbrev  0x0000469b      0x173 .\CortexM3\ARM_GCC_541\Debug\Lab1_GasPedal.a(JOYSTICK_ADC_IRQ.o)
 .debug_abbrev  0x0000480e      0x139 .\CortexM3\ARM_GCC_541\Debug\Lab1_GasPedal.a(UART_LOG_IntClock.o)
 .debug_abbrev  0x00004947      0x1b2 .\CortexM3\ARM_GCC_541\Debug\Lab1_GasPedal.a(CyDmac.o)
 .debug_abbrev  0x00004af9      0x254 .\CortexM3\ARM_GCC_541\Debug\Lab1_GasPedal.a(CyLib.o)
 .debug_abbrev  0x00004d4d      0x1ab .\CortexM3\ARM_GCC_541\Debug\Lab1_GasPedal.a(cyPm.o)
 .debug_abbrev  0x00004ef8       0x14 .\CortexM3\ARM_GCC_541\Debug\Lab1_GasPedal.a(ErikaOS_1_ee_gnu_change_context_isr.o)
 .debug_abbrev  0x00004f0c       0x14 .\CortexM3\ARM_GCC_541\Debug\Lab1_GasPedal.a(ErikaOS_1_ee_gnu_irq_stack.o)
 .debug_abbrev  0x00004f20       0x14 .\CortexM3\ARM_GCC_541\Debug\Lab1_GasPedal.a(ErikaOS_1_ee_gnu_multi_context.o)
 .debug_abbrev  0x00004f34       0x14 .\CortexM3\ARM_GCC_541\Debug\Lab1_GasPedal.a(ErikaOS_1_ee_gnu_oo.o)
 .debug_abbrev  0x00004f48       0x14 .\CortexM3\ARM_GCC_541\Debug\Lab1_GasPedal.a(CyBootAsmGnu.o)
 .debug_abbrev  0x00004f5c      0x157 .\CortexM3\ARM_GCC_541\Debug\Lab1_GasPedal.a(ErikaOS_1_ee_tnterm.o)
 .debug_abbrev  0x000050b3      0x143 .\CortexM3\ARM_GCC_541\Debug\Lab1_GasPedal.a(ErikaOS_1_ee_tstub.o)
 .debug_abbrev  0x000051f6      0x156 .\CortexM3\ARM_GCC_541\Debug\Lab1_GasPedal.a(ErikaOS_1_cortex_mx_ee_context.o)
 .debug_abbrev  0x0000534c      0x1a7 .\CortexM3\ARM_GCC_541\Debug\Lab1_GasPedal.a(CyFlash.o)
 .debug_abbrev  0x000054f3      0x194 .\CortexM3\ARM_GCC_541\Debug\Lab1_GasPedal.a(CySpc.o)
 .debug_abbrev  0x00005687      0x229 .\CortexM3\ARM_GCC_541\Debug\Lab1_GasPedal.a(ErikaOS_1_ee_thendin.o)

.debug_line     0x00000000     0x7cee
 *(.debug_line)
 .debug_line    0x00000000      0x4e9 .\CortexM3\ARM_GCC_541\Debug\main.o
 .debug_line    0x000004e9      0x3b5 .\CortexM3\ARM_GCC_541\Debug\swc_brakelight.o
 .debug_line    0x0000089e      0x3be .\CortexM3\ARM_GCC_541\Debug\swc_control.o
 .debug_line    0x00000c5c      0x3b8 .\CortexM3\ARM_GCC_541\Debug\swc_engine.o
 .debug_line    0x00001014      0x39b .\CortexM3\ARM_GCC_541\Debug\swc_joystick.o
 .debug_line    0x000013af      0x291 .\CortexM3\ARM_GCC_541\Debug\tsk_control.o
 .debug_line    0x00001640      0x281 .\CortexM3\ARM_GCC_541\Debug\tsk_io.o
 .debug_line    0x000018c1      0x24c .\CortexM3\ARM_GCC_541\Debug\joystick.o
 .debug_line    0x00001b0d      0x2b1 .\CortexM3\ARM_GCC_541\Debug\led.o
 .debug_line    0x00001dbe      0x28e .\CortexM3\ARM_GCC_541\Debug\watchdog_timer.o
 .debug_line    0x0000204c      0x293 .\CortexM3\ARM_GCC_541\Debug\rte.o
 .debug_line    0x000022df        0x0 .\CortexM3\ARM_GCC_541\Debug\sc_brakelight.o
 .debug_line    0x000022df      0x25e .\CortexM3\ARM_GCC_541\Debug\sc_brakelight_type.o
 .debug_line    0x0000253d        0x0 .\CortexM3\ARM_GCC_541\Debug\sc_engine.o
 .debug_line    0x0000253d      0x266 .\CortexM3\ARM_GCC_541\Debug\sc_engine_type.o
 .debug_line    0x000027a3        0x0 .\CortexM3\ARM_GCC_541\Debug\sc_joystick.o
 .debug_line    0x000027a3      0x25e .\CortexM3\ARM_GCC_541\Debug\sc_joystick_type.o
 .debug_line    0x00002a01        0x0 .\CortexM3\ARM_GCC_541\Debug\sc_speed.o
 .debug_line    0x00002a01      0x3b7 .\CortexM3\ARM_GCC_541\Debug\sp_common.o
 .debug_line    0x00002db8      0x207 .\CortexM3\ARM_GCC_541\Debug\cyfitter_cfg.o
 .debug_line    0x00002fbf      0x141 .\CortexM3\ARM_GCC_541\Debug\cymetadata.o
 .debug_line    0x00003100      0x241 .\CortexM3\ARM_GCC_541\Debug\Cm3Start.o
 .debug_line    0x00003341      0x1fa .\CortexM3\ARM_GCC_541\Debug\Lab1_GasPedal.a(ErikaOS_1_ee_activate.o)
 .debug_line    0x0000353b      0x1d1 .\CortexM3\ARM_GCC_541\Debug\Lab1_GasPedal.a(ErikaOS_1_ee_alsetrel.o)
 .debug_line    0x0000370c      0x305 .\CortexM3\ARM_GCC_541\Debug\Lab1_GasPedal.a(ErikaOS_1_ee_altick.o)
 .debug_line    0x00003a11      0x1d5 .\CortexM3\ARM_GCC_541\Debug\Lab1_GasPedal.a(ErikaOS_1_ee_evclear.o)
 .debug_line    0x00003be6      0x15b .\CortexM3\ARM_GCC_541\Debug\Lab1_GasPedal.a(ErikaOS_1_ee_evget.o)
 .debug_line    0x00003d41      0x1f7 .\CortexM3\ARM_GCC_541\Debug\Lab1_GasPedal.a(ErikaOS_1_ee_evset.o)
 .debug_line    0x00003f38      0x203 .\CortexM3\ARM_GCC_541\Debug\Lab1_GasPedal.a(ErikaOS_1_ee_evwait.o)
 .debug_line    0x0000413b      0x1a0 .\CortexM3\ARM_GCC_541\Debug\Lab1_GasPedal.a(ErikaOS_1_ee_irqendin.o)
 .debug_line    0x000042db      0x119 .\CortexM3\ARM_GCC_541\Debug\Lab1_GasPedal.a(ErikaOS_1_ee_lookup.o)
 .debug_line    0x000043f4      0x15b .\CortexM3\ARM_GCC_541\Debug\Lab1_GasPedal.a(ErikaOS_1_ee_rq_exchg.o)
 .debug_line    0x0000454f      0x152 .\CortexM3\ARM_GCC_541\Debug\Lab1_GasPedal.a(ErikaOS_1_ee_rq_first.o)
 .debug_line    0x000046a1      0x156 .\CortexM3\ARM_GCC_541\Debug\Lab1_GasPedal.a(ErikaOS_1_ee_rq_inser.o)
 .debug_line    0x000047f7      0x179 .\CortexM3\ARM_GCC_541\Debug\Lab1_GasPedal.a(ErikaOS_1_ee_shtdown.o)
 .debug_line    0x00004970      0x3fa .\CortexM3\ARM_GCC_541\Debug\Lab1_GasPedal.a(ErikaOS_1_ee_startos.o)
 .debug_line    0x00004d6a      0x1c0 .\CortexM3\ARM_GCC_541\Debug\Lab1_GasPedal.a(ErikaOS_1_ee_terminat.o)
 .debug_line    0x00004f2a      0x184 .\CortexM3\ARM_GCC_541\Debug\Lab1_GasPedal.a(ErikaOS_1_cortex_mx_ee_utils.o)
 .debug_line    0x000050ae       0xf9 .\CortexM3\ARM_GCC_541\Debug\Lab1_GasPedal.a(ErikaOS_1_common_ee_hal_structs.o)
 .debug_line    0x000051a7      0x13c .\CortexM3\ARM_GCC_541\Debug\Lab1_GasPedal.a(ErikaOS_1_eecfg.o)
 .debug_line    0x000052e3      0x22f .\CortexM3\ARM_GCC_541\Debug\Lab1_GasPedal.a(JOYSTICK_ADC.o)
 .debug_line    0x00005512       0x59 .\CortexM3\ARM_GCC_541\Debug\Lab1_GasPedal.a(JOYSTICK_ADC_INT.o)
 .debug_line    0x0000556b      0x18a .\CortexM3\ARM_GCC_541\Debug\Lab1_GasPedal.a(Engine_PWM.o)
 .debug_line    0x000056f5       0x96 .\CortexM3\ARM_GCC_541\Debug\Lab1_GasPedal.a(Brake_LED.o)
 .debug_line    0x0000578b      0x2c4 .\CortexM3\ARM_GCC_541\Debug\Lab1_GasPedal.a(UART_LOG.o)
 .debug_line    0x00005a4f       0xba .\CortexM3\ARM_GCC_541\Debug\Lab1_GasPedal.a(WD_Button.o)
 .debug_line    0x00005b09      0x20c .\CortexM3\ARM_GCC_541\Debug\Lab1_GasPedal.a(JOYSTICK_ADC_SAR.o)
 .debug_line    0x00005d15       0x91 .\CortexM3\ARM_GCC_541\Debug\Lab1_GasPedal.a(JOYSTICK_ADC_TempBuf_dma.o)
 .debug_line    0x00005da6       0x92 .\CortexM3\ARM_GCC_541\Debug\Lab1_GasPedal.a(JOYSTICK_ADC_FinalBuf_dma.o)
 .debug_line    0x00005e38      0x13d .\CortexM3\ARM_GCC_541\Debug\Lab1_GasPedal.a(JOYSTICK_ADC_IRQ.o)
 .debug_line    0x00005f75      0x180 .\CortexM3\ARM_GCC_541\Debug\Lab1_GasPedal.a(UART_LOG_IntClock.o)
 .debug_line    0x000060f5      0x2e4 .\CortexM3\ARM_GCC_541\Debug\Lab1_GasPedal.a(CyDmac.o)
 .debug_line    0x000063d9      0x816 .\CortexM3\ARM_GCC_541\Debug\Lab1_GasPedal.a(CyLib.o)
 .debug_line    0x00006bef      0x367 .\CortexM3\ARM_GCC_541\Debug\Lab1_GasPedal.a(cyPm.o)
 .debug_line    0x00006f56       0xae .\CortexM3\ARM_GCC_541\Debug\Lab1_GasPedal.a(ErikaOS_1_ee_gnu_change_context_isr.o)
 .debug_line    0x00007004       0x74 .\CortexM3\ARM_GCC_541\Debug\Lab1_GasPedal.a(ErikaOS_1_ee_gnu_irq_stack.o)
 .debug_line    0x00007078       0x9d .\CortexM3\ARM_GCC_541\Debug\Lab1_GasPedal.a(ErikaOS_1_ee_gnu_multi_context.o)
 .debug_line    0x00007115       0x99 .\CortexM3\ARM_GCC_541\Debug\Lab1_GasPedal.a(ErikaOS_1_ee_gnu_oo.o)
 .debug_line    0x000071ae       0x66 .\CortexM3\ARM_GCC_541\Debug\Lab1_GasPedal.a(CyBootAsmGnu.o)
 .debug_line    0x00007214      0x17b .\CortexM3\ARM_GCC_541\Debug\Lab1_GasPedal.a(ErikaOS_1_ee_tnterm.o)
 .debug_line    0x0000738f      0x172 .\CortexM3\ARM_GCC_541\Debug\Lab1_GasPedal.a(ErikaOS_1_ee_tstub.o)
 .debug_line    0x00007501      0x1ac .\CortexM3\ARM_GCC_541\Debug\Lab1_GasPedal.a(ErikaOS_1_cortex_mx_ee_context.o)
 .debug_line    0x000076ad      0x21a .\CortexM3\ARM_GCC_541\Debug\Lab1_GasPedal.a(CyFlash.o)
 .debug_line    0x000078c7      0x260 .\CortexM3\ARM_GCC_541\Debug\Lab1_GasPedal.a(CySpc.o)
 .debug_line    0x00007b27      0x1c7 .\CortexM3\ARM_GCC_541\Debug\Lab1_GasPedal.a(ErikaOS_1_ee_thendin.o)

.debug_frame    0x00000000     0x257c
 *(.debug_frame)
 .debug_frame   0x00000000      0x10c .\CortexM3\ARM_GCC_541\Debug\main.o
 .debug_frame   0x0000010c       0x30 .\CortexM3\ARM_GCC_541\Debug\swc_brakelight.o
 .debug_frame   0x0000013c       0x34 .\CortexM3\ARM_GCC_541\Debug\swc_control.o
 .debug_frame   0x00000170       0x30 .\CortexM3\ARM_GCC_541\Debug\swc_engine.o
 .debug_frame   0x000001a0       0x38 .\CortexM3\ARM_GCC_541\Debug\swc_joystick.o
 .debug_frame   0x000001d8       0x2c .\CortexM3\ARM_GCC_541\Debug\tsk_control.o
 .debug_frame   0x00000204       0x2c .\CortexM3\ARM_GCC_541\Debug\tsk_io.o
 .debug_frame   0x00000230       0x4c .\CortexM3\ARM_GCC_541\Debug\joystick.o
 .debug_frame   0x0000027c       0x98 .\CortexM3\ARM_GCC_541\Debug\led.o
 .debug_frame   0x00000314       0x68 .\CortexM3\ARM_GCC_541\Debug\watchdog_timer.o
 .debug_frame   0x0000037c       0x60 .\CortexM3\ARM_GCC_541\Debug\rte.o
 .debug_frame   0x000003dc       0x2c .\CortexM3\ARM_GCC_541\Debug\sc_brakelight_type.o
 .debug_frame   0x00000408       0x2c .\CortexM3\ARM_GCC_541\Debug\sc_engine_type.o
 .debug_frame   0x00000434       0x30 .\CortexM3\ARM_GCC_541\Debug\sc_joystick_type.o
 .debug_frame   0x00000464       0x30 .\CortexM3\ARM_GCC_541\Debug\sp_common.o
 .debug_frame   0x00000494       0xfc .\CortexM3\ARM_GCC_541\Debug\cyfitter_cfg.o
 .debug_frame   0x00000590       0xb8 .\CortexM3\ARM_GCC_541\Debug\Cm3Start.o
 .debug_frame   0x00000648       0x30 .\CortexM3\ARM_GCC_541\Debug\Lab1_GasPedal.a(ErikaOS_1_ee_activate.o)
 .debug_frame   0x00000678       0x38 .\CortexM3\ARM_GCC_541\Debug\Lab1_GasPedal.a(ErikaOS_1_ee_alsetrel.o)
 .debug_frame   0x000006b0      0x10c .\CortexM3\ARM_GCC_541\Debug\Lab1_GasPedal.a(ErikaOS_1_ee_altick.o)
 .debug_frame   0x000007bc       0x38 .\CortexM3\ARM_GCC_541\Debug\Lab1_GasPedal.a(ErikaOS_1_ee_evclear.o)
 .debug_frame   0x000007f4       0x20 .\CortexM3\ARM_GCC_541\Debug\Lab1_GasPedal.a(ErikaOS_1_ee_evget.o)
 .debug_frame   0x00000814       0x30 .\CortexM3\ARM_GCC_541\Debug\Lab1_GasPedal.a(ErikaOS_1_ee_evset.o)
 .debug_frame   0x00000844       0x30 .\CortexM3\ARM_GCC_541\Debug\Lab1_GasPedal.a(ErikaOS_1_ee_evwait.o)
 .debug_frame   0x00000874       0x58 .\CortexM3\ARM_GCC_541\Debug\Lab1_GasPedal.a(ErikaOS_1_ee_irqendin.o)
 .debug_frame   0x000008cc       0x3c .\CortexM3\ARM_GCC_541\Debug\Lab1_GasPedal.a(ErikaOS_1_ee_rq_exchg.o)
 .debug_frame   0x00000908       0x20 .\CortexM3\ARM_GCC_541\Debug\Lab1_GasPedal.a(ErikaOS_1_ee_rq_first.o)
 .debug_frame   0x00000928       0x30 .\CortexM3\ARM_GCC_541\Debug\Lab1_GasPedal.a(ErikaOS_1_ee_rq_inser.o)
 .debug_frame   0x00000958       0x58 .\CortexM3\ARM_GCC_541\Debug\Lab1_GasPedal.a(ErikaOS_1_ee_shtdown.o)
 .debug_frame   0x000009b0       0x90 .\CortexM3\ARM_GCC_541\Debug\Lab1_GasPedal.a(ErikaOS_1_ee_startos.o)
 .debug_frame   0x00000a40       0x2c .\CortexM3\ARM_GCC_541\Debug\Lab1_GasPedal.a(ErikaOS_1_ee_terminat.o)
 .debug_frame   0x00000a6c       0x30 .\CortexM3\ARM_GCC_541\Debug\Lab1_GasPedal.a(ErikaOS_1_cortex_mx_ee_utils.o)
 .debug_frame   0x00000a9c      0x1dc .\CortexM3\ARM_GCC_541\Debug\Lab1_GasPedal.a(JOYSTICK_ADC.o)
 .debug_frame   0x00000c78       0x20 .\CortexM3\ARM_GCC_541\Debug\Lab1_GasPedal.a(JOYSTICK_ADC_INT.o)
 .debug_frame   0x00000c98      0x134 .\CortexM3\ARM_GCC_541\Debug\Lab1_GasPedal.a(Engine_PWM.o)
 .debug_frame   0x00000dcc       0x50 .\CortexM3\ARM_GCC_541\Debug\Lab1_GasPedal.a(Brake_LED.o)
 .debug_frame   0x00000e1c      0x250 .\CortexM3\ARM_GCC_541\Debug\Lab1_GasPedal.a(UART_LOG.o)
 .debug_frame   0x0000106c       0x70 .\CortexM3\ARM_GCC_541\Debug\Lab1_GasPedal.a(WD_Button.o)
 .debug_frame   0x000010dc      0x1b0 .\CortexM3\ARM_GCC_541\Debug\Lab1_GasPedal.a(JOYSTICK_ADC_SAR.o)
 .debug_frame   0x0000128c       0x54 .\CortexM3\ARM_GCC_541\Debug\Lab1_GasPedal.a(JOYSTICK_ADC_TempBuf_dma.o)
 .debug_frame   0x000012e0       0x54 .\CortexM3\ARM_GCC_541\Debug\Lab1_GasPedal.a(JOYSTICK_ADC_FinalBuf_dma.o)
 .debug_frame   0x00001334      0x104 .\CortexM3\ARM_GCC_541\Debug\Lab1_GasPedal.a(JOYSTICK_ADC_IRQ.o)
 .debug_frame   0x00001438       0xe0 .\CortexM3\ARM_GCC_541\Debug\Lab1_GasPedal.a(UART_LOG_IntClock.o)
 .debug_frame   0x00001518      0x1f8 .\CortexM3\ARM_GCC_541\Debug\Lab1_GasPedal.a(CyDmac.o)
 .debug_frame   0x00001710      0x738 .\CortexM3\ARM_GCC_541\Debug\Lab1_GasPedal.a(CyLib.o)
 .debug_frame   0x00001e48      0x1f8 .\CortexM3\ARM_GCC_541\Debug\Lab1_GasPedal.a(cyPm.o)
 .debug_frame   0x00002040       0x2c .\CortexM3\ARM_GCC_541\Debug\Lab1_GasPedal.a(ErikaOS_1_ee_tnterm.o)
 .debug_frame   0x0000206c       0x2c .\CortexM3\ARM_GCC_541\Debug\Lab1_GasPedal.a(ErikaOS_1_ee_tstub.o)
 .debug_frame   0x00002098       0x3c .\CortexM3\ARM_GCC_541\Debug\Lab1_GasPedal.a(ErikaOS_1_cortex_mx_ee_context.o)
 .debug_frame   0x000020d4      0x194 .\CortexM3\ARM_GCC_541\Debug\Lab1_GasPedal.a(CyFlash.o)
 .debug_frame   0x00002268      0x180 .\CortexM3\ARM_GCC_541\Debug\Lab1_GasPedal.a(CySpc.o)
 .debug_frame   0x000023e8       0x5c .\CortexM3\ARM_GCC_541\Debug\Lab1_GasPedal.a(ErikaOS_1_ee_thendin.o)
 .debug_frame   0x00002444       0x44 c:/program files (x86)/cypress/psoc creator/4.4/psoc creator/import/gnu/arm/5.4.1/bin/../lib/gcc/arm-none-eabi/5.4.1/armv7-m\libgcc.a(_aeabi_ldivmod.o)
 .debug_frame   0x00002488       0x38 c:/program files (x86)/cypress/psoc creator/4.4/psoc creator/import/gnu/arm/5.4.1/bin/../lib/gcc/arm-none-eabi/5.4.1/armv7-m\libgcc.a(_udivmoddi4.o)
 .debug_frame   0x000024c0       0x20 c:/program files (x86)/cypress/psoc creator/4.4/psoc creator/import/gnu/arm/5.4.1/bin/../lib/gcc/arm-none-eabi/5.4.1/../../../../arm-none-eabi/lib/armv7-m\libg_nano.a(lib_a-errno.o)
 .debug_frame   0x000024e0       0x28 c:/program files (x86)/cypress/psoc creator/4.4/psoc creator/import/gnu/arm/5.4.1/bin/../lib/gcc/arm-none-eabi/5.4.1/../../../../arm-none-eabi/lib/armv7-m\libg_nano.a(lib_a-exit.o)
 .debug_frame   0x00002508       0x2c c:/program files (x86)/cypress/psoc creator/4.4/psoc creator/import/gnu/arm/5.4.1/bin/../lib/gcc/arm-none-eabi/5.4.1/../../../../arm-none-eabi/lib/armv7-m\libg_nano.a(lib_a-init.o)
 .debug_frame   0x00002534       0x28 c:/program files (x86)/cypress/psoc creator/4.4/psoc creator/import/gnu/arm/5.4.1/bin/../lib/gcc/arm-none-eabi/5.4.1/../../../../arm-none-eabi/lib/armv7-m\libg_nano.a(lib_a-memcpy-stub.o)
 .debug_frame   0x0000255c       0x20 c:/program files (x86)/cypress/psoc creator/4.4/psoc creator/import/gnu/arm/5.4.1/bin/../lib/gcc/arm-none-eabi/5.4.1/../../../../arm-none-eabi/lib/armv7-m\libg_nano.a(lib_a-memset.o)

.debug_str      0x00000000     0x4f4a
 *(.debug_str)
 .debug_str     0x00000000      0x5b7 .\CortexM3\ARM_GCC_541\Debug\main.o
                                0x629 (size before relaxing)
 .debug_str     0x000005b7      0x53a .\CortexM3\ARM_GCC_541\Debug\swc_brakelight.o
                                0x7fb (size before relaxing)
 .debug_str     0x00000af1      0x15b .\CortexM3\ARM_GCC_541\Debug\swc_control.o
                                0x7eb (size before relaxing)
 .debug_str     0x00000c4c      0x109 .\CortexM3\ARM_GCC_541\Debug\swc_engine.o
                                0x7dd (size before relaxing)
 .debug_str     0x00000d55       0x7b .\CortexM3\ARM_GCC_541\Debug\swc_joystick.o
                                0x743 (size before relaxing)
 .debug_str     0x00000dd0       0xe3 .\CortexM3\ARM_GCC_541\Debug\tsk_control.o
                                0x38e (size before relaxing)
 .debug_str     0x00000eb3       0xdd .\CortexM3\ARM_GCC_541\Debug\tsk_io.o
                                0x40c (size before relaxing)
 .debug_str     0x00000f90       0x99 .\CortexM3\ARM_GCC_541\Debug\joystick.o
                                0x515 (size before relaxing)
 .debug_str     0x00001029      0x112 .\CortexM3\ARM_GCC_541\Debug\led.o
                                0x58e (size before relaxing)
 .debug_str     0x0000113b       0x6c .\CortexM3\ARM_GCC_541\Debug\watchdog_timer.o
                                0x555 (size before relaxing)
 .debug_str     0x000011a7       0x1b .\CortexM3\ARM_GCC_541\Debug\rte.o
                                0x510 (size before relaxing)
 .debug_str     0x000011c2       0x1b .\CortexM3\ARM_GCC_541\Debug\sc_brakelight.o
                                0x139 (size before relaxing)
 .debug_str     0x000011dd       0x38 .\CortexM3\ARM_GCC_541\Debug\sc_brakelight_type.o
                                0x507 (size before relaxing)
 .debug_str     0x00001215       0x17 .\CortexM3\ARM_GCC_541\Debug\sc_engine.o
                                0x135 (size before relaxing)
 .debug_str     0x0000122c       0x30 .\CortexM3\ARM_GCC_541\Debug\sc_engine_type.o
                                0x514 (size before relaxing)
 .debug_str     0x0000125c       0x19 .\CortexM3\ARM_GCC_541\Debug\sc_joystick.o
                                0x137 (size before relaxing)
 .debug_str     0x00001275       0x4d .\CortexM3\ARM_GCC_541\Debug\sc_joystick_type.o
                                0x4eb (size before relaxing)
 .debug_str     0x000012c2       0x16 .\CortexM3\ARM_GCC_541\Debug\sc_speed.o
                                0x134 (size before relaxing)
 .debug_str     0x000012d8      0x142 .\CortexM3\ARM_GCC_541\Debug\sp_common.o
                                0x9b9 (size before relaxing)
 .debug_str     0x0000141a      0x197 .\CortexM3\ARM_GCC_541\Debug\cyfitter_cfg.o
                                0x39c (size before relaxing)
 .debug_str     0x000015b1       0x75 .\CortexM3\ARM_GCC_541\Debug\cymetadata.o
                                0x232 (size before relaxing)
 .debug_str     0x00001626      0x141 .\CortexM3\ARM_GCC_541\Debug\Cm3Start.o
                                0x368 (size before relaxing)
 .debug_str     0x00001767      0x5bf .\CortexM3\ARM_GCC_541\Debug\Lab1_GasPedal.a(ErikaOS_1_ee_activate.o)
                                0x855 (size before relaxing)
 .debug_str     0x00001d26       0x99 .\CortexM3\ARM_GCC_541\Debug\Lab1_GasPedal.a(ErikaOS_1_ee_alsetrel.o)
                                0x64d (size before relaxing)
 .debug_str     0x00001dbf      0x232 .\CortexM3\ARM_GCC_541\Debug\Lab1_GasPedal.a(ErikaOS_1_ee_altick.o)
                                0xab0 (size before relaxing)
 .debug_str     0x00001ff1       0x2e .\CortexM3\ARM_GCC_541\Debug\Lab1_GasPedal.a(ErikaOS_1_ee_evclear.o)
                                0x62d (size before relaxing)
 .debug_str     0x0000201f       0x5d .\CortexM3\ARM_GCC_541\Debug\Lab1_GasPedal.a(ErikaOS_1_ee_evget.o)
                                0x59d (size before relaxing)
 .debug_str     0x0000207c       0x2c .\CortexM3\ARM_GCC_541\Debug\Lab1_GasPedal.a(ErikaOS_1_ee_evset.o)
                                0x82d (size before relaxing)
 .debug_str     0x000020a8       0x8f .\CortexM3\ARM_GCC_541\Debug\Lab1_GasPedal.a(ErikaOS_1_ee_evwait.o)
                                0x871 (size before relaxing)
 .debug_str     0x00002137       0xca .\CortexM3\ARM_GCC_541\Debug\Lab1_GasPedal.a(ErikaOS_1_ee_irqendin.o)
                                0x70a (size before relaxing)
 .debug_str     0x00002201       0x2d .\CortexM3\ARM_GCC_541\Debug\Lab1_GasPedal.a(ErikaOS_1_ee_lookup.o)
                                0x4d9 (size before relaxing)
 .debug_str     0x0000222e       0x8c .\CortexM3\ARM_GCC_541\Debug\Lab1_GasPedal.a(ErikaOS_1_ee_rq_exchg.o)
                                0x54b (size before relaxing)
 .debug_str     0x000022ba       0x2f .\CortexM3\ARM_GCC_541\Debug\Lab1_GasPedal.a(ErikaOS_1_ee_rq_first.o)
                                0x516 (size before relaxing)
 .debug_str     0x000022e9       0x3a .\CortexM3\ARM_GCC_541\Debug\Lab1_GasPedal.a(ErikaOS_1_ee_rq_inser.o)
                                0x550 (size before relaxing)
 .debug_str     0x00002323       0x8f .\CortexM3\ARM_GCC_541\Debug\Lab1_GasPedal.a(ErikaOS_1_ee_shtdown.o)
                                0x5c1 (size before relaxing)
 .debug_str     0x000023b2      0xecd .\CortexM3\ARM_GCC_541\Debug\Lab1_GasPedal.a(ErikaOS_1_ee_startos.o)
                               0x177c (size before relaxing)
 .debug_str     0x0000327f       0x5d .\CortexM3\ARM_GCC_541\Debug\Lab1_GasPedal.a(ErikaOS_1_ee_terminat.o)
                                0x63a (size before relaxing)
 .debug_str     0x000032dc       0x82 .\CortexM3\ARM_GCC_541\Debug\Lab1_GasPedal.a(ErikaOS_1_cortex_mx_ee_utils.o)
                                0x5a8 (size before relaxing)
 .debug_str     0x0000335e       0x39 .\CortexM3\ARM_GCC_541\Debug\Lab1_GasPedal.a(ErikaOS_1_common_ee_hal_structs.o)
                                0x4e5 (size before relaxing)
 .debug_str     0x00003397      0x19f .\CortexM3\ARM_GCC_541\Debug\Lab1_GasPedal.a(ErikaOS_1_eecfg.o)
                                0x833 (size before relaxing)
 .debug_str     0x00003536      0x4b6 .\CortexM3\ARM_GCC_541\Debug\Lab1_GasPedal.a(JOYSTICK_ADC.o)
                                0x748 (size before relaxing)
 .debug_str     0x000039ec       0x3b .\CortexM3\ARM_GCC_541\Debug\Lab1_GasPedal.a(JOYSTICK_ADC_INT.o)
                                0x204 (size before relaxing)
 .debug_str     0x00003a27      0x1be .\CortexM3\ARM_GCC_541\Debug\Lab1_GasPedal.a(Engine_PWM.o)
                                0x3fe (size before relaxing)
 .debug_str     0x00003be5       0x6f .\CortexM3\ARM_GCC_541\Debug\Lab1_GasPedal.a(Brake_LED.o)
                                0x244 (size before relaxing)
 .debug_str     0x00003c54      0x2d2 .\CortexM3\ARM_GCC_541\Debug\Lab1_GasPedal.a(UART_LOG.o)
                                0x53f (size before relaxing)
 .debug_str     0x00003f26       0x9d .\CortexM3\ARM_GCC_541\Debug\Lab1_GasPedal.a(WD_Button.o)
                                0x288 (size before relaxing)
 .debug_str     0x00003fc3      0x15a .\CortexM3\ARM_GCC_541\Debug\Lab1_GasPedal.a(JOYSTICK_ADC_SAR.o)
                                0x564 (size before relaxing)
 .debug_str     0x0000411d       0xee .\CortexM3\ARM_GCC_541\Debug\Lab1_GasPedal.a(JOYSTICK_ADC_TempBuf_dma.o)
                                0x2f6 (size before relaxing)
 .debug_str     0x0000420b       0x74 .\CortexM3\ARM_GCC_541\Debug\Lab1_GasPedal.a(JOYSTICK_ADC_FinalBuf_dma.o)
                                0x2fa (size before relaxing)
 .debug_str     0x0000427f      0x148 .\CortexM3\ARM_GCC_541\Debug\Lab1_GasPedal.a(JOYSTICK_ADC_IRQ.o)
                                0x38e (size before relaxing)
 .debug_str     0x000043c7      0x1ab .\CortexM3\ARM_GCC_541\Debug\Lab1_GasPedal.a(UART_LOG_IntClock.o)
                                0x3b4 (size before relaxing)
 .debug_str     0x00004572      0x25c .\CortexM3\ARM_GCC_541\Debug\Lab1_GasPedal.a(CyDmac.o)
                                0x598 (size before relaxing)
 .debug_str     0x000047ce      0x23e .\CortexM3\ARM_GCC_541\Debug\Lab1_GasPedal.a(CyLib.o)
                                0xa95 (size before relaxing)
 .debug_str     0x00004a0c      0x2dc .\CortexM3\ARM_GCC_541\Debug\Lab1_GasPedal.a(cyPm.o)
                                0x781 (size before relaxing)
 .debug_str     0x00004ce8       0x46 .\CortexM3\ARM_GCC_541\Debug\Lab1_GasPedal.a(ErikaOS_1_ee_tnterm.o)
                                0x54c (size before relaxing)
 .debug_str     0x00004d2e       0x57 .\CortexM3\ARM_GCC_541\Debug\Lab1_GasPedal.a(ErikaOS_1_ee_tstub.o)
                                0x623 (size before relaxing)
 .debug_str     0x00004d85       0x8c .\CortexM3\ARM_GCC_541\Debug\Lab1_GasPedal.a(ErikaOS_1_cortex_mx_ee_context.o)
                                0x5da (size before relaxing)
 .debug_str     0x00004e11       0x6c .\CortexM3\ARM_GCC_541\Debug\Lab1_GasPedal.a(CyFlash.o)
                                0x40e (size before relaxing)
 .debug_str     0x00004e7d       0x64 .\CortexM3\ARM_GCC_541\Debug\Lab1_GasPedal.a(CySpc.o)
                                0x386 (size before relaxing)
 .debug_str     0x00004ee1       0x69 .\CortexM3\ARM_GCC_541\Debug\Lab1_GasPedal.a(ErikaOS_1_ee_thendin.o)
                                0x7a0 (size before relaxing)

.debug_loc      0x00000000     0x4b85
 *(.debug_loc)
 .debug_loc     0x00000000      0x13a .\CortexM3\ARM_GCC_541\Debug\main.o
 .debug_loc     0x0000013a       0xdc .\CortexM3\ARM_GCC_541\Debug\swc_brakelight.o
 .debug_loc     0x00000216      0x231 .\CortexM3\ARM_GCC_541\Debug\swc_control.o
 .debug_loc     0x00000447       0xdc .\CortexM3\ARM_GCC_541\Debug\swc_engine.o
 .debug_loc     0x00000523      0x172 .\CortexM3\ARM_GCC_541\Debug\swc_joystick.o
 .debug_loc     0x00000695       0x1f .\CortexM3\ARM_GCC_541\Debug\tsk_io.o
 .debug_loc     0x000006b4       0x62 .\CortexM3\ARM_GCC_541\Debug\joystick.o
 .debug_loc     0x00000716      0x130 .\CortexM3\ARM_GCC_541\Debug\led.o
 .debug_loc     0x00000846       0x42 .\CortexM3\ARM_GCC_541\Debug\watchdog_timer.o
 .debug_loc     0x00000888      0x10e .\CortexM3\ARM_GCC_541\Debug\rte.o
 .debug_loc     0x00000996       0x3a .\CortexM3\ARM_GCC_541\Debug\sc_brakelight_type.o
 .debug_loc     0x000009d0       0x21 .\CortexM3\ARM_GCC_541\Debug\sc_engine_type.o
 .debug_loc     0x000009f1       0x1e .\CortexM3\ARM_GCC_541\Debug\sc_joystick_type.o
 .debug_loc     0x00000a0f      0x13b .\CortexM3\ARM_GCC_541\Debug\sp_common.o
 .debug_loc     0x00000b4a      0x280 .\CortexM3\ARM_GCC_541\Debug\cyfitter_cfg.o
 .debug_loc     0x00000dca      0x144 .\CortexM3\ARM_GCC_541\Debug\Cm3Start.o
 .debug_loc     0x00000f0e      0x12d .\CortexM3\ARM_GCC_541\Debug\Lab1_GasPedal.a(ErikaOS_1_ee_activate.o)
 .debug_loc     0x0000103b      0x1e0 .\CortexM3\ARM_GCC_541\Debug\Lab1_GasPedal.a(ErikaOS_1_ee_alsetrel.o)
 .debug_loc     0x0000121b      0x46c .\CortexM3\ARM_GCC_541\Debug\Lab1_GasPedal.a(ErikaOS_1_ee_altick.o)
 .debug_loc     0x00001687       0xbc .\CortexM3\ARM_GCC_541\Debug\Lab1_GasPedal.a(ErikaOS_1_ee_evclear.o)
 .debug_loc     0x00001743       0xa4 .\CortexM3\ARM_GCC_541\Debug\Lab1_GasPedal.a(ErikaOS_1_ee_evget.o)
 .debug_loc     0x000017e7      0x16b .\CortexM3\ARM_GCC_541\Debug\Lab1_GasPedal.a(ErikaOS_1_ee_evset.o)
 .debug_loc     0x00001952      0x13f .\CortexM3\ARM_GCC_541\Debug\Lab1_GasPedal.a(ErikaOS_1_ee_evwait.o)
 .debug_loc     0x00001a91       0x62 .\CortexM3\ARM_GCC_541\Debug\Lab1_GasPedal.a(ErikaOS_1_ee_irqendin.o)
 .debug_loc     0x00001af3       0x4a .\CortexM3\ARM_GCC_541\Debug\Lab1_GasPedal.a(ErikaOS_1_ee_rq_exchg.o)
 .debug_loc     0x00001b3d       0x36 .\CortexM3\ARM_GCC_541\Debug\Lab1_GasPedal.a(ErikaOS_1_ee_rq_first.o)
 .debug_loc     0x00001b73       0x1e .\CortexM3\ARM_GCC_541\Debug\Lab1_GasPedal.a(ErikaOS_1_ee_rq_inser.o)
 .debug_loc     0x00001b91       0x42 .\CortexM3\ARM_GCC_541\Debug\Lab1_GasPedal.a(ErikaOS_1_ee_shtdown.o)
 .debug_loc     0x00001bd3      0x1d8 .\CortexM3\ARM_GCC_541\Debug\Lab1_GasPedal.a(ErikaOS_1_ee_startos.o)
 .debug_loc     0x00001dab       0x50 .\CortexM3\ARM_GCC_541\Debug\Lab1_GasPedal.a(ErikaOS_1_ee_terminat.o)
 .debug_loc     0x00001dfb       0x13 .\CortexM3\ARM_GCC_541\Debug\Lab1_GasPedal.a(ErikaOS_1_cortex_mx_ee_utils.o)
 .debug_loc     0x00001e0e      0x13c .\CortexM3\ARM_GCC_541\Debug\Lab1_GasPedal.a(JOYSTICK_ADC.o)
 .debug_loc     0x00001f4a       0x26 .\CortexM3\ARM_GCC_541\Debug\Lab1_GasPedal.a(Engine_PWM.o)
 .debug_loc     0x00001f70       0x42 .\CortexM3\ARM_GCC_541\Debug\Lab1_GasPedal.a(Brake_LED.o)
 .debug_loc     0x00001fb2      0x258 .\CortexM3\ARM_GCC_541\Debug\Lab1_GasPedal.a(UART_LOG.o)
 .debug_loc     0x0000220a       0x84 .\CortexM3\ARM_GCC_541\Debug\Lab1_GasPedal.a(WD_Button.o)
 .debug_loc     0x0000228e      0x295 .\CortexM3\ARM_GCC_541\Debug\Lab1_GasPedal.a(JOYSTICK_ADC_SAR.o)
 .debug_loc     0x00002523       0x84 .\CortexM3\ARM_GCC_541\Debug\Lab1_GasPedal.a(JOYSTICK_ADC_TempBuf_dma.o)
 .debug_loc     0x000025a7       0x84 .\CortexM3\ARM_GCC_541\Debug\Lab1_GasPedal.a(JOYSTICK_ADC_FinalBuf_dma.o)
 .debug_loc     0x0000262b       0x56 .\CortexM3\ARM_GCC_541\Debug\Lab1_GasPedal.a(JOYSTICK_ADC_IRQ.o)
 .debug_loc     0x00002681      0x128 .\CortexM3\ARM_GCC_541\Debug\Lab1_GasPedal.a(UART_LOG_IntClock.o)
 .debug_loc     0x000027a9      0xb8e .\CortexM3\ARM_GCC_541\Debug\Lab1_GasPedal.a(CyDmac.o)
 .debug_loc     0x00003337      0xa11 .\CortexM3\ARM_GCC_541\Debug\Lab1_GasPedal.a(CyLib.o)
 .debug_loc     0x00003d48      0x1e4 .\CortexM3\ARM_GCC_541\Debug\Lab1_GasPedal.a(cyPm.o)
 .debug_loc     0x00003f2c       0xc5 .\CortexM3\ARM_GCC_541\Debug\Lab1_GasPedal.a(ErikaOS_1_cortex_mx_ee_context.o)
 .debug_loc     0x00003ff1      0x3b2 .\CortexM3\ARM_GCC_541\Debug\Lab1_GasPedal.a(CyFlash.o)
 .debug_loc     0x000043a3      0x705 .\CortexM3\ARM_GCC_541\Debug\Lab1_GasPedal.a(CySpc.o)
 .debug_loc     0x00004aa8       0xdd .\CortexM3\ARM_GCC_541\Debug\Lab1_GasPedal.a(ErikaOS_1_ee_thendin.o)

.debug_macinfo
 *(.debug_macinfo)

.debug_ranges   0x00000000      0xd38
 *(.debug_ranges)
 .debug_ranges  0x00000000       0x48 .\CortexM3\ARM_GCC_541\Debug\main.o
 .debug_ranges  0x00000048       0x10 .\CortexM3\ARM_GCC_541\Debug\swc_brakelight.o